Archive member included to satisfy reference by file (symbol)

c:/st/stm32cubeide_1.4.2/stm32cubeide/plugins/com.st.stm32cube.ide.mcu.externaltools.gnu-tools-for-stm32.7-2018-q2-update.win32_1.5.0.202011040924/tools/bin/../lib/gcc/arm-none-eabi/7.3.1/../../../../arm-none-eabi/lib/thumb/v7-m\libc_nano.a(lib_a-errno.o)
                              Core/Src/syscalls.o (__errno)
c:/st/stm32cubeide_1.4.2/stm32cubeide/plugins/com.st.stm32cube.ide.mcu.externaltools.gnu-tools-for-stm32.7-2018-q2-update.win32_1.5.0.202011040924/tools/bin/../lib/gcc/arm-none-eabi/7.3.1/../../../../arm-none-eabi/lib/thumb/v7-m\libc_nano.a(lib_a-exit.o)
                              c:/st/stm32cubeide_1.4.2/stm32cubeide/plugins/com.st.stm32cube.ide.mcu.externaltools.gnu-tools-for-stm32.7-2018-q2-update.win32_1.5.0.202011040924/tools/bin/../lib/gcc/arm-none-eabi/7.3.1/../../../../arm-none-eabi/lib/thumb/v7-m/crt0.o (exit)
c:/st/stm32cubeide_1.4.2/stm32cubeide/plugins/com.st.stm32cube.ide.mcu.externaltools.gnu-tools-for-stm32.7-2018-q2-update.win32_1.5.0.202011040924/tools/bin/../lib/gcc/arm-none-eabi/7.3.1/../../../../arm-none-eabi/lib/thumb/v7-m\libc_nano.a(lib_a-impure.o)
                              c:/st/stm32cubeide_1.4.2/stm32cubeide/plugins/com.st.stm32cube.ide.mcu.externaltools.gnu-tools-for-stm32.7-2018-q2-update.win32_1.5.0.202011040924/tools/bin/../lib/gcc/arm-none-eabi/7.3.1/../../../../arm-none-eabi/lib/thumb/v7-m\libc_nano.a(lib_a-exit.o) (_global_impure_ptr)
c:/st/stm32cubeide_1.4.2/stm32cubeide/plugins/com.st.stm32cube.ide.mcu.externaltools.gnu-tools-for-stm32.7-2018-q2-update.win32_1.5.0.202011040924/tools/bin/../lib/gcc/arm-none-eabi/7.3.1/../../../../arm-none-eabi/lib/thumb/v7-m\libc_nano.a(lib_a-init.o)
                              c:/st/stm32cubeide_1.4.2/stm32cubeide/plugins/com.st.stm32cube.ide.mcu.externaltools.gnu-tools-for-stm32.7-2018-q2-update.win32_1.5.0.202011040924/tools/bin/../lib/gcc/arm-none-eabi/7.3.1/../../../../arm-none-eabi/lib/thumb/v7-m/crt0.o (__libc_init_array)
c:/st/stm32cubeide_1.4.2/stm32cubeide/plugins/com.st.stm32cube.ide.mcu.externaltools.gnu-tools-for-stm32.7-2018-q2-update.win32_1.5.0.202011040924/tools/bin/../lib/gcc/arm-none-eabi/7.3.1/../../../../arm-none-eabi/lib/thumb/v7-m\libc_nano.a(lib_a-memcpy-stub.o)
                              Middlewares/Third_Party/FreeRTOS/Source/CMSIS_RTOS_V2/cmsis_os2.o (memcpy)
c:/st/stm32cubeide_1.4.2/stm32cubeide/plugins/com.st.stm32cube.ide.mcu.externaltools.gnu-tools-for-stm32.7-2018-q2-update.win32_1.5.0.202011040924/tools/bin/../lib/gcc/arm-none-eabi/7.3.1/../../../../arm-none-eabi/lib/thumb/v7-m\libc_nano.a(lib_a-memset.o)
                              c:/st/stm32cubeide_1.4.2/stm32cubeide/plugins/com.st.stm32cube.ide.mcu.externaltools.gnu-tools-for-stm32.7-2018-q2-update.win32_1.5.0.202011040924/tools/bin/../lib/gcc/arm-none-eabi/7.3.1/../../../../arm-none-eabi/lib/thumb/v7-m/crt0.o (memset)
c:/st/stm32cubeide_1.4.2/stm32cubeide/plugins/com.st.stm32cube.ide.mcu.externaltools.gnu-tools-for-stm32.7-2018-q2-update.win32_1.5.0.202011040924/tools/bin/../lib/gcc/arm-none-eabi/7.3.1/../../../../arm-none-eabi/lib/thumb/v7-m\libc_nano.a(lib_a-sprintf.o)
                              Middlewares/Third_Party/FreeRTOS/Source/tasks.o (sprintf)
c:/st/stm32cubeide_1.4.2/stm32cubeide/plugins/com.st.stm32cube.ide.mcu.externaltools.gnu-tools-for-stm32.7-2018-q2-update.win32_1.5.0.202011040924/tools/bin/../lib/gcc/arm-none-eabi/7.3.1/../../../../arm-none-eabi/lib/thumb/v7-m\libc_nano.a(lib_a-strcpy.o)
                              Middlewares/Third_Party/FreeRTOS/Source/tasks.o (strcpy)
c:/st/stm32cubeide_1.4.2/stm32cubeide/plugins/com.st.stm32cube.ide.mcu.externaltools.gnu-tools-for-stm32.7-2018-q2-update.win32_1.5.0.202011040924/tools/bin/../lib/gcc/arm-none-eabi/7.3.1/../../../../arm-none-eabi/lib/thumb/v7-m\libc_nano.a(lib_a-strlen.o)
                              Middlewares/Third_Party/FreeRTOS/Source/tasks.o (strlen)
c:/st/stm32cubeide_1.4.2/stm32cubeide/plugins/com.st.stm32cube.ide.mcu.externaltools.gnu-tools-for-stm32.7-2018-q2-update.win32_1.5.0.202011040924/tools/bin/../lib/gcc/arm-none-eabi/7.3.1/../../../../arm-none-eabi/lib/thumb/v7-m\libc_nano.a(lib_a-nano-svfprintf.o)
                              c:/st/stm32cubeide_1.4.2/stm32cubeide/plugins/com.st.stm32cube.ide.mcu.externaltools.gnu-tools-for-stm32.7-2018-q2-update.win32_1.5.0.202011040924/tools/bin/../lib/gcc/arm-none-eabi/7.3.1/../../../../arm-none-eabi/lib/thumb/v7-m\libc_nano.a(lib_a-sprintf.o) (_svfprintf_r)
c:/st/stm32cubeide_1.4.2/stm32cubeide/plugins/com.st.stm32cube.ide.mcu.externaltools.gnu-tools-for-stm32.7-2018-q2-update.win32_1.5.0.202011040924/tools/bin/../lib/gcc/arm-none-eabi/7.3.1/../../../../arm-none-eabi/lib/thumb/v7-m\libc_nano.a(lib_a-nano-vfprintf_i.o)
[...]
Memory Configuration

Name             Origin             Length             Attributes
RAM              0x0000000020000000 0x0000000000005000 xrw
FLASH            0x0000000008000000 0x0000000000020000 xr
*default*        0x0000000000000000 0xffffffffffffffff

Linker script and memory map

LOAD c:/st/stm32cubeide_1.4.2/stm32cubeide/plugins/com.st.stm32cube.ide.mcu.externaltools.gnu-tools-for-stm32.7-2018-q2-update.win32_1.5.0.202011040924/tools/bin/../lib/gcc/arm-none-eabi/7.3.1/thumb/v7-m/crti.o
LOAD c:/st/stm32cubeide_1.4.2/stm32cubeide/plugins/com.st.stm32cube.ide.mcu.externaltools.gnu-tools-for-stm32.7-2018-q2-update.win32_1.5.0.202011040924/tools/bin/../lib/gcc/arm-none-eabi/7.3.1/thumb/v7-m/crtbegin.o
LOAD c:/st/stm32cubeide_1.4.2/stm32cubeide/plugins/com.st.stm32cube.ide.mcu.externaltools.gnu-tools-for-stm32.7-2018-q2-update.win32_1.5.0.202011040924/tools/bin/../lib/gcc/arm-none-eabi/7.3.1/../../../../arm-none-eabi/lib/thumb/v7-m/crt0.o
LOAD Core/Src/DigitalIn.o
LOAD Core/Src/DigitalOut.o
LOAD Core/Src/Encoder.o
LOAD Core/Src/Motor.o
LOAD Core/Src/freertos.o
LOAD Core/Src/main.o
LOAD Core/Src/stm32f1xx_hal_msp.o
LOAD Core/Src/stm32f1xx_hal_timebase_tim.o
LOAD Core/Src/stm32f1xx_it.o
LOAD Core/Src/syscalls.o
LOAD Core/Src/sysmem.o
LOAD Core/Src/system_stm32f1xx.o
LOAD Core/Startup/startup_stm32f103cbtx.o
LOAD Drivers/STM32F1xx_HAL_Driver/Src/stm32f1xx_hal.o
LOAD Drivers/STM32F1xx_HAL_Driver/Src/stm32f1xx_hal_cortex.o
LOAD Drivers/STM32F1xx_HAL_Driver/Src/stm32f1xx_hal_dma.o
LOAD Drivers/STM32F1xx_HAL_Driver/Src/stm32f1xx_hal_exti.o
LOAD Drivers/STM32F1xx_HAL_Driver/Src/stm32f1xx_hal_flash.o
LOAD Drivers/STM32F1xx_HAL_Driver/Src/stm32f1xx_hal_flash_ex.o
LOAD Drivers/STM32F1xx_HAL_Driver/Src/stm32f1xx_hal_gpio.o
LOAD Drivers/STM32F1xx_HAL_Driver/Src/stm32f1xx_hal_gpio_ex.o
LOAD Drivers/STM32F1xx_HAL_Driver/Src/stm32f1xx_hal_pwr.o
LOAD Drivers/STM32F1xx_HAL_Driver/Src/stm32f1xx_hal_rcc.o
LOAD Drivers/STM32F1xx_HAL_Driver/Src/stm32f1xx_hal_rcc_ex.o
LOAD Drivers/STM32F1xx_HAL_Driver/Src/stm32f1xx_hal_tim.o
LOAD Drivers/STM32F1xx_HAL_Driver/Src/stm32f1xx_hal_tim_ex.o
LOAD Middlewares/Third_Party/FreeRTOS/Source/CMSIS_RTOS_V2/cmsis_os2.o
LOAD Middlewares/Third_Party/FreeRTOS/Source/croutine.o
LOAD Middlewares/Third_Party/FreeRTOS/Source/event_groups.o
LOAD Middlewares/Third_Party/FreeRTOS/Source/list.o
LOAD Middlewares/Third_Party/FreeRTOS/Source/queue.o
LOAD Middlewares/Third_Party/FreeRTOS/Source/stream_buffer.o
LOAD Middlewares/Third_Party/FreeRTOS/Source/tasks.o
LOAD Middlewares/Third_Party/FreeRTOS/Source/timers.o
LOAD Middlewares/Third_Party/FreeRTOS/Source/portable/GCC/ARM_CM3/port.o
LOAD Middlewares/Third_Party/FreeRTOS/Source/portable/MemMang/heap_4.o
START GROUP
LOAD c:/st/stm32cubeide_1.4.2/stm32cubeide/plugins/com.st.stm32cube.ide.mcu.externaltools.gnu-tools-for-stm32.7-2018-q2-update.win32_1.5.0.202011040924/tools/bin/../lib/gcc/arm-none-eabi/7.3.1/../../../../arm-none-eabi/lib/thumb/v7-m\libstdc++_nano.a
LOAD c:/st/stm32cubeide_1.4.2/stm32cubeide/plugins/com.st.stm32cube.ide.mcu.externaltools.gnu-tools-for-stm32.7-2018-q2-update.win32_1.5.0.202011040924/tools/bin/../lib/gcc/arm-none-eabi/7.3.1/../../../../arm-none-eabi/lib/thumb/v7-m\libsupc++_nano.a
END GROUP
LOAD c:/st/stm32cubeide_1.4.2/stm32cubeide/plugins/com.st.stm32cube.ide.mcu.externaltools.gnu-tools-for-stm32.7-2018-q2-update.win32_1.5.0.202011040924/tools/bin/../lib/gcc/arm-none-eabi/7.3.1/../../../../arm-none-eabi/lib/thumb/v7-m\libstdc++_nano.a
LOAD c:/st/stm32cubeide_1.4.2/stm32cubeide/plugins/com.st.stm32cube.ide.mcu.externaltools.gnu-tools-for-stm32.7-2018-q2-update.win32_1.5.0.202011040924/tools/bin/../lib/gcc/arm-none-eabi/7.3.1/../../../../arm-none-eabi/lib/thumb/v7-m\libm.a
LOAD c:/st/stm32cubeide_1.4.2/stm32cubeide/plugins/com.st.stm32cube.ide.mcu.externaltools.gnu-tools-for-stm32.7-2018-q2-update.win32_1.5.0.202011040924/tools/bin/../lib/gcc/arm-none-eabi/7.3.1/../../../../arm-none-eabi/lib/thumb/v7-m\libc_nano.a
START GROUP
LOAD c:/st/stm32cubeide_1.4.2/stm32cubeide/plugins/com.st.stm32cube.ide.mcu.externaltools.gnu-tools-for-stm32.7-2018-q2-update.win32_1.5.0.202011040924/tools/bin/../lib/gcc/arm-none-eabi/7.3.1/thumb/v7-m\libgcc.a
LOAD c:/st/stm32cubeide_1.4.2/stm32cubeide/plugins/com.st.stm32cube.ide.mcu.externaltools.gnu-tools-for-stm32.7-2018-q2-update.win32_1.5.0.202011040924/tools/bin/../lib/gcc/arm-none-eabi/7.3.1/../../../../arm-none-eabi/lib/thumb/v7-m\libc_nano.a
END GROUP
START GROUP
LOAD c:/st/stm32cubeide_1.4.2/stm32cubeide/plugins/com.st.stm32cube.ide.mcu.externaltools.gnu-tools-for-stm32.7-2018-q2-update.win32_1.5.0.202011040924/tools/bin/../lib/gcc/arm-none-eabi/7.3.1/thumb/v7-m\libgcc.a
LOAD c:/st/stm32cubeide_1.4.2/stm32cubeide/plugins/com.st.stm32cube.ide.mcu.externaltools.gnu-tools-for-stm32.7-2018-q2-update.win32_1.5.0.202011040924/tools/bin/../lib/gcc/arm-none-eabi/7.3.1/../../../../arm-none-eabi/lib/thumb/v7-m\libc_nano.a
LOAD c:/st/stm32cubeide_1.4.2/stm32cubeide/plugins/com.st.stm32cube.ide.mcu.externaltools.gnu-tools-for-stm32.7-2018-q2-update.win32_1.5.0.202011040924/tools/bin/../lib/gcc/arm-none-eabi/7.3.1/../../../../arm-none-eabi/lib/thumb/v7-m\libnosys.a
END GROUP
START GROUP
LOAD c:/st/stm32cubeide_1.4.2/stm32cubeide/plugins/com.st.stm32cube.ide.mcu.externaltools.gnu-tools-for-stm32.7-2018-q2-update.win32_1.5.0.202011040924/tools/bin/../lib/gcc/arm-none-eabi/7.3.1/thumb/v7-m\libgcc.a
LOAD c:/st/stm32cubeide_1.4.2/stm32cubeide/plugins/com.st.stm32cube.ide.mcu.externaltools.gnu-tools-for-stm32.7-2018-q2-update.win32_1.5.0.202011040924/tools/bin/../lib/gcc/arm-none-eabi/7.3.1/../../../../arm-none-eabi/lib/thumb/v7-m\libc_nano.a
LOAD c:/st/stm32cubeide_1.4.2/stm32cubeide/plugins/com.st.stm32cube.ide.mcu.externaltools.gnu-tools-for-stm32.7-2018-q2-update.win32_1.5.0.202011040924/tools/bin/../lib/gcc/arm-none-eabi/7.3.1/../../../../arm-none-eabi/lib/thumb/v7-m\libnosys.a
END GROUP
LOAD c:/st/stm32cubeide_1.4.2/stm32cubeide/plugins/com.st.stm32cube.ide.mcu.externaltools.gnu-tools-for-stm32.7-2018-q2-update.win32_1.5.0.202011040924/tools/bin/../lib/gcc/arm-none-eabi/7.3.1/thumb/v7-m/crtend.o
LOAD c:/st/stm32cubeide_1.4.2/stm32cubeide/plugins/com.st.stm32cube.ide.mcu.externaltools.gnu-tools-for-stm32.7-2018-q2-update.win32_1.5.0.202011040924/tools/bin/../lib/gcc/arm-none-eabi/7.3.1/thumb/v7-m/crtn.o
                0x0000000020005000                _estack = (ORIGIN (RAM) + LENGTH (RAM))
                0x0000000000000200                _Min_Heap_Size = 0x200
                0x0000000000000400                _Min_Stack_Size = 0x400

.isr_vector     0x0000000008000000      0x10c
                0x0000000008000000                . = ALIGN (0x4)
 *(.isr_vector)
 .isr_vector    0x0000000008000000      0x10c Core/Startup/startup_stm32f103cbtx.o
                0x0000000008000000                g_pfnVectors
                0x000000000800010c                . = ALIGN (0x4)

.text           0x0000000008000110     0x39ac
                0x0000000008000110                . = ALIGN (0x4)
 *(.text)
 .text          0x0000000008000110       0x40 c:/st/stm32cubeide_1.4.2/stm32cubeide/plugins/com.st.stm32cube.ide.mcu.externaltools.gnu-tools-for-stm32.7-2018-q2-update.win32_1.5.0.202011040924/tools/bin/../lib/gcc/arm-none-eabi/7.3.1/thumb/v7-m/crtbegin.o
 *(.text*)
 .text._ZN9DigitalIn8getStateEv
                0x0000000008000150       0x14 Core/Src/DigitalIn.o
                0x0000000008000150                DigitalIn::getState()
 .text._ZN10DigitalOut8setStateEb
                0x0000000008000164       0x16 Core/Src/DigitalOut.o
                0x0000000008000164                DigitalOut::setState(bool)
 .text._ZN10DigitalOut6setPwmEii
                0x000000000800017a       0x16 Core/Src/DigitalOut.o
                0x000000000800017a                DigitalOut::setPwm(int, int)
 .text._ZN7Encoder11getPositionEv
                0x0000000008000190       0x14 Core/Src/Encoder.o
                0x0000000008000190                Encoder::getPosition()
 .text._ZN5Motor8setSpeedEi
                0x00000000080001a4       0x88 Core/Src/Motor.o
                0x00000000080001a4                Motor::setSpeed(int)
 .text.configureTimerForRunTimeStats
                0x000000000800022c        0xc Core/Src/freertos.o
                0x000000000800022c                configureTimerForRunTimeStats
 .text.getRunTimeCounterValue
                0x0000000008000238        0xe Core/Src/freertos.o
                0x0000000008000238                getRunTimeCounterValue
 .text.vApplicationIdleHook
                0x0000000008000246        0xc Core/Src/freertos.o
                0x0000000008000246                vApplicationIdleHook
 .text.vApplicationStackOverflowHook
                0x0000000008000252       0x14 Core/Src/freertos.o
                0x0000000008000252                vApplicationStackOverflowHook
 .text._ZN10DigitalOutC2Ei
                0x0000000008000266       0x16 Core/Src/main.o
                0x0000000008000266                DigitalOut::DigitalOut(int)
                0x0000000008000266                DigitalOut::DigitalOut(int)
 .text._ZN5MotorC2Eiii
                0x000000000800027c       0x42 Core/Src/main.o
                0x000000000800027c                Motor::Motor(int, int, int)
                0x000000000800027c                Motor::Motor(int, int, int)
 .text._ZN9DigitalInC2Ei
                0x00000000080002be       0x16 Core/Src/main.o
                0x00000000080002be                DigitalIn::DigitalIn(int)
                0x00000000080002be                DigitalIn::DigitalIn(int)
 .text._ZN7EncoderC2Eii
                0x00000000080002d4       0x2c Core/Src/main.o
                0x00000000080002d4                Encoder::Encoder(int, int)
                0x00000000080002d4                Encoder::Encoder(int, int)
 .text.main     0x0000000008000300       0x78 Core/Src/main.o
                0x0000000008000300                main
 .text._Z18SystemClock_Configv
                0x0000000008000378       0x8a Core/Src/main.o
                0x0000000008000378                SystemClock_Config()
 .text._Z16MX_FREERTOS_Initv
                0x0000000008000402        0xc Core/Src/main.o
                0x0000000008000402                MX_FREERTOS_Init()
 *fill*         0x000000000800040e        0x2 
 .text.HAL_TIM_PeriodElapsedCallback
                0x0000000008000410       0x24 Core/Src/main.o
                0x0000000008000410                HAL_TIM_PeriodElapsedCallback
 .text.Error_Handler
                0x0000000008000434        0xc Core/Src/main.o
                0x0000000008000434                Error_Handler
 .text._Z41__static_initialization_and_destruction_0ii
                0x0000000008000440       0x58 Core/Src/main.o
 .text._GLOBAL__sub_I_myMotor
                0x0000000008000498       0x10 Core/Src/main.o
 .text.HAL_MspInit
                0x00000000080004a8       0x70 Core/Src/stm32f1xx_hal_msp.o
                0x00000000080004a8                HAL_MspInit
 .text.HAL_InitTick
                0x0000000008000518       0xac Core/Src/stm32f1xx_hal_timebase_tim.o
                0x0000000008000518                HAL_InitTick
 .text.NMI_Handler
                0x00000000080005c4        0xc Core/Src/stm32f1xx_it.o
                0x00000000080005c4                NMI_Handler
 .text.HardFault_Handler
                0x00000000080005d0        0x6 Core/Src/stm32f1xx_it.o
                0x00000000080005d0                HardFault_Handler
 .text.MemManage_Handler
                0x00000000080005d6        0x6 Core/Src/stm32f1xx_it.o
                0x00000000080005d6                MemManage_Handler
 .text.BusFault_Handler
                0x00000000080005dc        0x6 Core/Src/stm32f1xx_it.o
                0x00000000080005dc                BusFault_Handler
 .text.UsageFault_Handler
                0x00000000080005e2        0x6 Core/Src/stm32f1xx_it.o
                0x00000000080005e2                UsageFault_Handler
 .text.DebugMon_Handler
                0x00000000080005e8        0xc Core/Src/stm32f1xx_it.o
                0x00000000080005e8                DebugMon_Handler
 .text.TIM1_UP_IRQHandler
                0x00000000080005f4       0x14 Core/Src/stm32f1xx_it.o
                0x00000000080005f4                TIM1_UP_IRQHandler
 .text.SystemInit
                0x0000000008000608        0xc Core/Src/system_stm32f1xx.o
                0x0000000008000608                SystemInit
 .text.Reset_Handler
                0x0000000008000614       0x48 Core/Startup/startup_stm32f103cbtx.o
                0x0000000008000614                Reset_Handler
 .text.Default_Handler
                0x000000000800065c        0x2 Core/Startup/startup_stm32f103cbtx.o
                0x000000000800065c                RTC_Alarm_IRQHandler
                0x000000000800065c                EXTI2_IRQHandler
                0x000000000800065c                TIM1_CC_IRQHandler
                0x000000000800065c                PVD_IRQHandler
                0x000000000800065c                EXTI3_IRQHandler
                0x000000000800065c                EXTI0_IRQHandler
                0x000000000800065c                I2C2_EV_IRQHandler
                0x000000000800065c                ADC1_2_IRQHandler
                0x000000000800065c                SPI1_IRQHandler
                0x000000000800065c                TAMPER_IRQHandler
                0x000000000800065c                DMA1_Channel4_IRQHandler
                0x000000000800065c                USART3_IRQHandler
                0x000000000800065c                RTC_IRQHandler
                0x000000000800065c                DMA1_Channel7_IRQHandler
                0x000000000800065c                CAN1_RX1_IRQHandler
                0x000000000800065c                TIM4_IRQHandler
                0x000000000800065c                I2C1_EV_IRQHandler
                0x000000000800065c                DMA1_Channel6_IRQHandler
                0x000000000800065c                TIM3_IRQHandler
                0x000000000800065c                RCC_IRQHandler
                0x000000000800065c                TIM1_TRG_COM_IRQHandler
                0x000000000800065c                DMA1_Channel1_IRQHandler
                0x000000000800065c                Default_Handler
                0x000000000800065c                EXTI15_10_IRQHandler
                0x000000000800065c                EXTI9_5_IRQHandler
                0x000000000800065c                SPI2_IRQHandler
                0x000000000800065c                DMA1_Channel5_IRQHandler
                0x000000000800065c                EXTI4_IRQHandler
                0x000000000800065c                USB_LP_CAN1_RX0_IRQHandler
                0x000000000800065c                USB_HP_CAN1_TX_IRQHandler
                0x000000000800065c                DMA1_Channel3_IRQHandler
                0x000000000800065c                WWDG_IRQHandler
                0x000000000800065c                TIM2_IRQHandler
                0x000000000800065c                TIM1_BRK_IRQHandler
                0x000000000800065c                EXTI1_IRQHandler
                0x000000000800065c                USART2_IRQHandler
                0x000000000800065c                I2C2_ER_IRQHandler
                0x000000000800065c                DMA1_Channel2_IRQHandler
                0x000000000800065c                CAN1_SCE_IRQHandler
                0x000000000800065c                FLASH_IRQHandler
                0x000000000800065c                USART1_IRQHandler
                0x000000000800065c                I2C1_ER_IRQHandler
                0x000000000800065c                USBWakeUp_IRQHandler
 *fill*         0x000000000800065e        0x2 
 .text.HAL_Init
                0x0000000008000660       0x2c Drivers/STM32F1xx_HAL_Driver/Src/stm32f1xx_hal.o
                0x0000000008000660                HAL_Init
 .text.HAL_IncTick
                0x000000000800068c       0x24 Drivers/STM32F1xx_HAL_Driver/Src/stm32f1xx_hal.o
                0x000000000800068c                HAL_IncTick
 .text.HAL_GetTick
                0x00000000080006b0       0x14 Drivers/STM32F1xx_HAL_Driver/Src/stm32f1xx_hal.o
                0x00000000080006b0                HAL_GetTick
 .text.__NVIC_SetPriorityGrouping
                0x00000000080006c4       0x48 Drivers/STM32F1xx_HAL_Driver/Src/stm32f1xx_hal_cortex.o
 .text.__NVIC_GetPriorityGrouping
                0x000000000800070c       0x1c Drivers/STM32F1xx_HAL_Driver/Src/stm32f1xx_hal_cortex.o
 .text.__NVIC_EnableIRQ
                0x0000000008000728       0x38 Drivers/STM32F1xx_HAL_Driver/Src/stm32f1xx_hal_cortex.o
 .text.__NVIC_SetPriority
                0x0000000008000760       0x54 Drivers/STM32F1xx_HAL_Driver/Src/stm32f1xx_hal_cortex.o
 .text.NVIC_EncodePriority
                0x00000000080007b4       0x64 Drivers/STM32F1xx_HAL_Driver/Src/stm32f1xx_hal_cortex.o
 .text.HAL_NVIC_SetPriorityGrouping
                0x0000000008000818       0x16 Drivers/STM32F1xx_HAL_Driver/Src/stm32f1xx_hal_cortex.o
                0x0000000008000818                HAL_NVIC_SetPriorityGrouping
 .text.HAL_NVIC_SetPriority
                0x000000000800082e       0x38 Drivers/STM32F1xx_HAL_Driver/Src/stm32f1xx_hal_cortex.o
                0x000000000800082e                HAL_NVIC_SetPriority
 .text.HAL_NVIC_EnableIRQ
                0x0000000008000866       0x1c Drivers/STM32F1xx_HAL_Driver/Src/stm32f1xx_hal_cortex.o
                0x0000000008000866                HAL_NVIC_EnableIRQ
 *fill*         0x0000000008000882        0x2 
 .text.HAL_RCC_OscConfig
                0x0000000008000884      0x500 Drivers/STM32F1xx_HAL_Driver/Src/stm32f1xx_hal_rcc.o
                0x0000000008000884                HAL_RCC_OscConfig
 .text.HAL_RCC_ClockConfig
                0x0000000008000d84      0x1d4 Drivers/STM32F1xx_HAL_Driver/Src/stm32f1xx_hal_rcc.o
                0x0000000008000d84                HAL_RCC_ClockConfig
 .text.HAL_RCC_GetSysClockFreq
                0x0000000008000f58       0xc4 Drivers/STM32F1xx_HAL_Driver/Src/stm32f1xx_hal_rcc.o
                0x0000000008000f58                HAL_RCC_GetSysClockFreq
 .text.HAL_RCC_GetHCLKFreq
                0x000000000800101c       0x14 Drivers/STM32F1xx_HAL_Driver/Src/stm32f1xx_hal_rcc.o
                0x000000000800101c                HAL_RCC_GetHCLKFreq
 .text.HAL_RCC_GetPCLK2Freq
                0x0000000008001030       0x28 Drivers/STM32F1xx_HAL_Driver/Src/stm32f1xx_hal_rcc.o
                0x0000000008001030                HAL_RCC_GetPCLK2Freq
 .text.HAL_RCC_GetClockConfig
                0x0000000008001058       0x60 Drivers/STM32F1xx_HAL_Driver/Src/stm32f1xx_hal_rcc.o
                0x0000000008001058                HAL_RCC_GetClockConfig
 .text.RCC_Delay
                0x00000000080010b8       0x3c Drivers/STM32F1xx_HAL_Driver/Src/stm32f1xx_hal_rcc.o
 .text.HAL_TIM_Base_Init
                0x00000000080010f4       0x9e Drivers/STM32F1xx_HAL_Driver/Src/stm32f1xx_hal_tim.o
                0x00000000080010f4                HAL_TIM_Base_Init
 .text.HAL_TIM_Base_MspInit
                0x0000000008001192       0x12 Drivers/STM32F1xx_HAL_Driver/Src/stm32f1xx_hal_tim.o
                0x0000000008001192                HAL_TIM_Base_MspInit
 .text.HAL_TIM_Base_Start_IT
                0x00000000080011a4       0xa4 Drivers/STM32F1xx_HAL_Driver/Src/stm32f1xx_hal_tim.o
                0x00000000080011a4                HAL_TIM_Base_Start_IT
 .text.HAL_TIM_IRQHandler
                0x0000000008001248      0x210 Drivers/STM32F1xx_HAL_Driver/Src/stm32f1xx_hal_tim.o
                0x0000000008001248                HAL_TIM_IRQHandler
 .text.HAL_TIM_OC_DelayElapsedCallback
                0x0000000008001458       0x12 Drivers/STM32F1xx_HAL_Driver/Src/stm32f1xx_hal_tim.o
                0x0000000008001458                HAL_TIM_OC_DelayElapsedCallback
 .text.HAL_TIM_IC_CaptureCallback
                0x000000000800146a       0x12 Drivers/STM32F1xx_HAL_Driver/Src/stm32f1xx_hal_tim.o
                0x000000000800146a                HAL_TIM_IC_CaptureCallback
 .text.HAL_TIM_PWM_PulseFinishedCallback
                0x000000000800147c       0x12 Drivers/STM32F1xx_HAL_Driver/Src/stm32f1xx_hal_tim.o
                0x000000000800147c                HAL_TIM_PWM_PulseFinishedCallback
 .text.HAL_TIM_TriggerCallback
                0x000000000800148e       0x12 Drivers/STM32F1xx_HAL_Driver/Src/stm32f1xx_hal_tim.o
                0x000000000800148e                HAL_TIM_TriggerCallback
 .text.TIM_Base_SetConfig
                0x00000000080014a0       0xc4 Drivers/STM32F1xx_HAL_Driver/Src/stm32f1xx_hal_tim.o
                0x00000000080014a0                TIM_Base_SetConfig
 .text.HAL_TIMEx_CommutCallback
                0x0000000008001564       0x12 Drivers/STM32F1xx_HAL_Driver/Src/stm32f1xx_hal_tim_ex.o
                0x0000000008001564                HAL_TIMEx_CommutCallback
 .text.HAL_TIMEx_BreakCallback
                0x0000000008001576       0x12 Drivers/STM32F1xx_HAL_Driver/Src/stm32f1xx_hal_tim_ex.o
                0x0000000008001576                HAL_TIMEx_BreakCallback
 .text.osKernelInitialize
                0x0000000008001588       0x64 Middlewares/Third_Party/FreeRTOS/Source/CMSIS_RTOS_V2/cmsis_os2.o
                0x0000000008001588                osKernelInitialize
 .text.osKernelStart
                0x00000000080015ec       0x68 Middlewares/Third_Party/FreeRTOS/Source/CMSIS_RTOS_V2/cmsis_os2.o
                0x00000000080015ec                osKernelStart
 .text.vApplicationGetIdleTaskMemory
                0x0000000008001654       0x30 Middlewares/Third_Party/FreeRTOS/Source/CMSIS_RTOS_V2/cmsis_os2.o
                0x0000000008001654                vApplicationGetIdleTaskMemory
 .text.vApplicationGetTimerTaskMemory
                0x0000000008001684       0x34 Middlewares/Third_Party/FreeRTOS/Source/CMSIS_RTOS_V2/cmsis_os2.o
                0x0000000008001684                vApplicationGetTimerTaskMemory
 .text.vListInitialise
                0x00000000080016b8       0x3e Middlewares/Third_Party/FreeRTOS/Source/list.o
                0x00000000080016b8                vListInitialise
 .text.vListInitialiseItem
                0x00000000080016f6       0x18 Middlewares/Third_Party/FreeRTOS/Source/list.o
                0x00000000080016f6                vListInitialiseItem
 .text.vListInsertEnd
                0x000000000800170e       0x46 Middlewares/Third_Party/FreeRTOS/Source/list.o
                0x000000000800170e                vListInsertEnd
 .text.vListInsert
                0x0000000008001754       0x70 Middlewares/Third_Party/FreeRTOS/Source/list.o
                0x0000000008001754                vListInsert
 .text.uxListRemove
                0x00000000080017c4       0x52 Middlewares/Third_Party/FreeRTOS/Source/list.o
                0x00000000080017c4                uxListRemove
 *fill*         0x0000000008001816        0x2 
 .text.xQueueGenericReset
                0x0000000008001818       0xd0 Middlewares/Third_Party/FreeRTOS/Source/queue.o
                0x0000000008001818                xQueueGenericReset
 .text.xQueueGenericCreateStatic
                0x00000000080018e8       0xe4 Middlewares/Third_Party/FreeRTOS/Source/queue.o
                0x00000000080018e8                xQueueGenericCreateStatic
 .text.prvInitialiseNewQueue
                0x00000000080019cc       0x46 Middlewares/Third_Party/FreeRTOS/Source/queue.o
 *fill*         0x0000000008001a12        0x2 
 .text.xQueueGenericSend
                0x0000000008001a14      0x1f4 Middlewares/Third_Party/FreeRTOS/Source/queue.o
                0x0000000008001a14                xQueueGenericSend
 .text.xQueueGenericSendFromISR
                0x0000000008001c08      0x128 Middlewares/Third_Party/FreeRTOS/Source/queue.o
                0x0000000008001c08                xQueueGenericSendFromISR
 .text.xQueueReceive
                0x0000000008001d30      0x1b8 Middlewares/Third_Party/FreeRTOS/Source/queue.o
                0x0000000008001d30                xQueueReceive
 .text.prvCopyDataToQueue
                0x0000000008001ee8       0xd4 Middlewares/Third_Party/FreeRTOS/Source/queue.o
 .text.prvCopyDataFromQueue
                0x0000000008001fbc       0x4c Middlewares/Third_Party/FreeRTOS/Source/queue.o
 .text.prvUnlockQueue
                0x0000000008002008       0xa4 Middlewares/Third_Party/FreeRTOS/Source/queue.o
 .text.prvIsQueueEmpty
                0x00000000080020ac       0x2c Middlewares/Third_Party/FreeRTOS/Source/queue.o
 .text.prvIsQueueFull
                0x00000000080020d8       0x30 Middlewares/Third_Party/FreeRTOS/Source/queue.o
 .text.vQueueAddToRegistry
                0x0000000008002108       0x50 Middlewares/Third_Party/FreeRTOS/Source/queue.o
                0x0000000008002108                vQueueAddToRegistry
 .text.vQueueWaitForMessageRestricted
                0x0000000008002158       0x68 Middlewares/Third_Party/FreeRTOS/Source/queue.o
                0x0000000008002158                vQueueWaitForMessageRestricted
 .text.xTaskCreateStatic
                0x00000000080021c0       0xb2 Middlewares/Third_Party/FreeRTOS/Source/tasks.o
                0x00000000080021c0                xTaskCreateStatic
 .text.prvInitialiseNewTask
                0x0000000008002272      0x112 Middlewares/Third_Party/FreeRTOS/Source/tasks.o
 .text.prvAddNewTaskToReadyList
                0x0000000008002384       0xe0 Middlewares/Third_Party/FreeRTOS/Source/tasks.o
 .text.vTaskStartScheduler
                0x0000000008002464       0xcc Middlewares/Third_Party/FreeRTOS/Source/tasks.o
                0x0000000008002464                vTaskStartScheduler
 .text.vTaskSuspendAll
                0x0000000008002530       0x1c Middlewares/Third_Party/FreeRTOS/Source/tasks.o
                0x0000000008002530                vTaskSuspendAll
 .text.xTaskResumeAll
                0x000000000800254c      0x138 Middlewares/Third_Party/FreeRTOS/Source/tasks.o
                0x000000000800254c                xTaskResumeAll
 .text.xTaskGetTickCount
                0x0000000008002684       0x1c Middlewares/Third_Party/FreeRTOS/Source/tasks.o
                0x0000000008002684                xTaskGetTickCount
 .text.xTaskIncrementTick
                0x00000000080026a0      0x17c Middlewares/Third_Party/FreeRTOS/Source/tasks.o
                0x00000000080026a0                xTaskIncrementTick
 .text.vTaskSwitchContext
                0x000000000800281c      0x110 Middlewares/Third_Party/FreeRTOS/Source/tasks.o
                0x000000000800281c                vTaskSwitchContext
 .text.vTaskPlaceOnEventList
                0x000000000800292c       0x48 Middlewares/Third_Party/FreeRTOS/Source/tasks.o
                0x000000000800292c                vTaskPlaceOnEventList
 .text.vTaskPlaceOnEventListRestricted
                0x0000000008002974       0x54 Middlewares/Third_Party/FreeRTOS/Source/tasks.o
                0x0000000008002974                vTaskPlaceOnEventListRestricted
 .text.xTaskRemoveFromEventList
                0x00000000080029c8       0xc4 Middlewares/Third_Party/FreeRTOS/Source/tasks.o
                0x00000000080029c8                xTaskRemoveFromEventList
 .text.vTaskInternalSetTimeOutState
                0x0000000008002a8c       0x2c Middlewares/Third_Party/FreeRTOS/Source/tasks.o
                0x0000000008002a8c                vTaskInternalSetTimeOutState
 .text.xTaskCheckForTimeOut
                0x0000000008002ab8       0xc0 Middlewares/Third_Party/FreeRTOS/Source/tasks.o
                0x0000000008002ab8                xTaskCheckForTimeOut
 .text.vTaskMissedYield
                0x0000000008002b78       0x18 Middlewares/Third_Party/FreeRTOS/Source/tasks.o
                0x0000000008002b78                vTaskMissedYield
 .text.prvIdleTask
                0x0000000008002b90       0x34 Middlewares/Third_Party/FreeRTOS/Source/tasks.o
 .text.prvInitialiseTaskLists
                0x0000000008002bc4       0x80 Middlewares/Third_Party/FreeRTOS/Source/tasks.o
 .text.prvCheckTasksWaitingTermination
                0x0000000008002c44       0x58 Middlewares/Third_Party/FreeRTOS/Source/tasks.o
 .text.prvDeleteTCB
                0x0000000008002c9c       0x5c Middlewares/Third_Party/FreeRTOS/Source/tasks.o
 .text.prvResetNextTaskUnblockTime
                0x0000000008002cf8       0x48 Middlewares/Third_Party/FreeRTOS/Source/tasks.o
 .text.xTaskGetSchedulerState
                0x0000000008002d40       0x3c Middlewares/Third_Party/FreeRTOS/Source/tasks.o
                0x0000000008002d40                xTaskGetSchedulerState
 .text.xTaskPriorityDisinherit
                0x0000000008002d7c       0xd8 Middlewares/Third_Party/FreeRTOS/Source/tasks.o
                0x0000000008002d7c                xTaskPriorityDisinherit
 .text.prvAddCurrentTaskToDelayedList
                0x0000000008002e54       0xa8 Middlewares/Third_Party/FreeRTOS/Source/tasks.o
 .text.xTimerCreateTimerTask
                0x0000000008002efc       0x90 Middlewares/Third_Party/FreeRTOS/Source/timers.o
                0x0000000008002efc                xTimerCreateTimerTask
 .text.xTimerGenericCommand
                0x0000000008002f8c       0x98 Middlewares/Third_Party/FreeRTOS/Source/timers.o
                0x0000000008002f8c                xTimerGenericCommand
 .text.prvProcessExpiredTimer
                0x0000000008003024       0x80 Middlewares/Third_Party/FreeRTOS/Source/timers.o
 .text.prvTimerTask
                0x00000000080030a4       0x24 Middlewares/Third_Party/FreeRTOS/Source/timers.o
 .text.prvProcessTimerOrBlockTask
                0x00000000080030c8       0x9c Middlewares/Third_Party/FreeRTOS/Source/timers.o
 .text.prvGetNextExpireTime
                0x0000000008003164       0x48 Middlewares/Third_Party/FreeRTOS/Source/timers.o
 .text.prvSampleTimeNow
                0x00000000080031ac       0x40 Middlewares/Third_Party/FreeRTOS/Source/timers.o
 .text.prvInsertTimerInActiveList
                0x00000000080031ec       0x84 Middlewares/Third_Party/FreeRTOS/Source/timers.o
 .text.prvProcessReceivedCommands
                0x0000000008003270      0x160 Middlewares/Third_Party/FreeRTOS/Source/timers.o
 .text.prvSwitchTimerLists
                0x00000000080033d0       0xc0 Middlewares/Third_Party/FreeRTOS/Source/timers.o
 .text.prvCheckForValidListAndQueue
                0x0000000008003490       0x80 Middlewares/Third_Party/FreeRTOS/Source/timers.o
 .text.pxPortInitialiseStack
                0x0000000008003510       0x58 Middlewares/Third_Party/FreeRTOS/Source/portable/GCC/ARM_CM3/port.o
                0x0000000008003510                pxPortInitialiseStack
 .text.prvTaskExitError
                0x0000000008003568       0x50 Middlewares/Third_Party/FreeRTOS/Source/portable/GCC/ARM_CM3/port.o
 *fill*         0x00000000080035b8        0x8 
 .text.SVC_Handler
                0x00000000080035c0       0x28 Middlewares/Third_Party/FreeRTOS/Source/portable/GCC/ARM_CM3/port.o
                0x00000000080035c0                SVC_Handler
 .text.prvPortStartFirstTask
                0x00000000080035e8       0x20 Middlewares/Third_Party/FreeRTOS/Source/portable/GCC/ARM_CM3/port.o
 .text.xPortStartScheduler
                0x0000000008003608       0xe0 Middlewares/Third_Party/FreeRTOS/Source/portable/GCC/ARM_CM3/port.o
                0x0000000008003608                xPortStartScheduler
 .text.vPortEnterCritical
                0x00000000080036e8       0x5c Middlewares/Third_Party/FreeRTOS/Source/portable/GCC/ARM_CM3/port.o
                0x00000000080036e8                vPortEnterCritical
 .text.vPortExitCritical
                0x0000000008003744       0x4c Middlewares/Third_Party/FreeRTOS/Source/portable/GCC/ARM_CM3/port.o
                0x0000000008003744                vPortExitCritical
 .text.PendSV_Handler
                0x0000000008003790       0x48 Middlewares/Third_Party/FreeRTOS/Source/portable/GCC/ARM_CM3/port.o
                0x0000000008003790                PendSV_Handler
 .text.SysTick_Handler
                0x00000000080037d8       0x40 Middlewares/Third_Party/FreeRTOS/Source/portable/GCC/ARM_CM3/port.o
                0x00000000080037d8                SysTick_Handler
 .text.vPortSetupTimerInterrupt
                0x0000000008003818       0x44 Middlewares/Third_Party/FreeRTOS/Source/portable/GCC/ARM_CM3/port.o
                0x0000000008003818                vPortSetupTimerInterrupt
 .text.vPortValidateInterruptPriority
                0x000000000800385c       0x78 Middlewares/Third_Party/FreeRTOS/Source/portable/GCC/ARM_CM3/port.o
                0x000000000800385c                vPortValidateInterruptPriority
 .text.vPortFree
                0x00000000080038d4       0xb0 Middlewares/Third_Party/FreeRTOS/Source/portable/MemMang/heap_4.o
                0x00000000080038d4                vPortFree
 .text.prvInsertBlockIntoFreeList
                0x0000000008003984       0xb0 Middlewares/Third_Party/FreeRTOS/Source/portable/MemMang/heap_4.o
 .text.__libc_init_array
                0x0000000008003a34       0x48 c:/st/stm32cubeide_1.4.2/stm32cubeide/plugins/com.st.stm32cube.ide.mcu.externaltools.gnu-tools-for-stm32.7-2018-q2-update.win32_1.5.0.202011040924/tools/bin/../lib/gcc/arm-none-eabi/7.3.1/../../../../arm-none-eabi/lib/thumb/v7-m\libc_nano.a(lib_a-init.o)
                0x0000000008003a34                __libc_init_array
 .text.memcpy   0x0000000008003a7c       0x16 c:/st/stm32cubeide_1.4.2/stm32cubeide/plugins/com.st.stm32cube.ide.mcu.externaltools.gnu-tools-for-stm32.7-2018-q2-update.win32_1.5.0.202011040924/tools/bin/../lib/gcc/arm-none-eabi/7.3.1/../../../../arm-none-eabi/lib/thumb/v7-m\libc_nano.a(lib_a-memcpy-stub.o)
                0x0000000008003a7c                memcpy
 .text.memset   0x0000000008003a92       0x10 c:/st/stm32cubeide_1.4.2/stm32cubeide/plugins/com.st.stm32cube.ide.mcu.externaltools.gnu-tools-for-stm32.7-2018-q2-update.win32_1.5.0.202011040924/tools/bin/../lib/gcc/arm-none-eabi/7.3.1/../../../../arm-none-eabi/lib/thumb/v7-m\libc_nano.a(lib_a-memset.o)
                0x0000000008003a92                memset
 *(.glue_7)
 .glue_7        0x0000000008003aa2        0x0 linker stubs
 *(.glue_7t)
 .glue_7t       0x0000000008003aa2        0x0 linker stubs
 *(.eh_frame)
 *fill*         0x0000000008003aa2        0x2 
 .eh_frame      0x0000000008003aa4        0x0 c:/st/stm32cubeide_1.4.2/stm32cubeide/plugins/com.st.stm32cube.ide.mcu.externaltools.gnu-tools-for-stm32.7-2018-q2-update.win32_1.5.0.202011040924/tools/bin/../lib/gcc/arm-none-eabi/7.3.1/thumb/v7-m/crtbegin.o
 *(.init)
 .init          0x0000000008003aa4        0x4 c:/st/stm32cubeide_1.4.2/stm32cubeide/plugins/com.st.stm32cube.ide.mcu.externaltools.gnu-tools-for-stm32.7-2018-q2-update.win32_1.5.0.202011040924/tools/bin/../lib/gcc/arm-none-eabi/7.3.1/thumb/v7-m/crti.o
                0x0000000008003aa4                _init
 .init          0x0000000008003aa8        0x8 c:/st/stm32cubeide_1.4.2/stm32cubeide/plugins/com.st.stm32cube.ide.mcu.externaltools.gnu-tools-for-stm32.7-2018-q2-update.win32_1.5.0.202011040924/tools/bin/../lib/gcc/arm-none-eabi/7.3.1/thumb/v7-m/crtn.o
 *(.fini)
 .fini          0x0000000008003ab0        0x4 c:/st/stm32cubeide_1.4.2/stm32cubeide/plugins/com.st.stm32cube.ide.mcu.externaltools.gnu-tools-for-stm32.7-2018-q2-update.win32_1.5.0.202011040924/tools/bin/../lib/gcc/arm-none-eabi/7.3.1/thumb/v7-m/crti.o
                0x0000000008003ab0                _fini
 .fini          0x0000000008003ab4        0x8 c:/st/stm32cubeide_1.4.2/stm32cubeide/plugins/com.st.stm32cube.ide.mcu.externaltools.gnu-tools-for-stm32.7-2018-q2-update.win32_1.5.0.202011040924/tools/bin/../lib/gcc/arm-none-eabi/7.3.1/thumb/v7-m/crtn.o
                0x0000000008003abc                . = ALIGN (0x4)
                0x0000000008003abc                _etext = .

.vfp11_veneer   0x0000000008003abc        0x0
 .vfp11_veneer  0x0000000008003abc        0x0 linker stubs

.v4_bx          0x0000000008003abc        0x0
 .v4_bx         0x0000000008003abc        0x0 linker stubs

.iplt           0x0000000008003abc        0x0
 .iplt          0x0000000008003abc        0x0 c:/st/stm32cubeide_1.4.2/stm32cubeide/plugins/com.st.stm32cube.ide.mcu.externaltools.gnu-tools-for-stm32.7-2018-q2-update.win32_1.5.0.202011040924/tools/bin/../lib/gcc/arm-none-eabi/7.3.1/thumb/v7-m/crtbegin.o

.rodata         0x0000000008003abc       0x6c
                0x0000000008003abc                . = ALIGN (0x4)
 *(.rodata)
 .rodata        0x0000000008003abc       0x12 Drivers/STM32F1xx_HAL_Driver/Src/stm32f1xx_hal_rcc.o
 *fill*         0x0000000008003ace        0x2 
 .rodata        0x0000000008003ad0       0x30 Middlewares/Third_Party/FreeRTOS/Source/tasks.o
 .rodata        0x0000000008003b00        0xd Middlewares/Third_Party/FreeRTOS/Source/timers.o
 *(.rodata*)
 *fill*         0x0000000008003b0d        0x3 
 .rodata.AHBPrescTable
                0x0000000008003b10       0x10 Core/Src/system_stm32f1xx.o
                0x0000000008003b10                AHBPrescTable
 .rodata.APBPrescTable
                0x0000000008003b20        0x8 Core/Src/system_stm32f1xx.o
                0x0000000008003b20                APBPrescTable
                0x0000000008003b28                . = ALIGN (0x4)

.rel.dyn        0x0000000008003b28        0x0
 .rel.iplt      0x0000000008003b28        0x0 c:/st/stm32cubeide_1.4.2/stm32cubeide/plugins/com.st.stm32cube.ide.mcu.externaltools.gnu-tools-for-stm32.7-2018-q2-update.win32_1.5.0.202011040924/tools/bin/../lib/gcc/arm-none-eabi/7.3.1/thumb/v7-m/crtbegin.o

.ARM.extab      0x0000000008003b28        0x0
                0x0000000008003b28                . = ALIGN (0x4)
 *(.ARM.extab* .gnu.linkonce.armextab.*)
                0x0000000008003b28                . = ALIGN (0x4)

.ARM            0x0000000008003b28        0x0
                0x0000000008003b28                . = ALIGN (0x4)
                0x0000000008003b28                __exidx_start = .
 *(.ARM.exidx*)
                0x0000000008003b28                __exidx_end = .
                0x0000000008003b28                . = ALIGN (0x4)

.preinit_array  0x0000000008003b28        0x0
                0x0000000008003b28                . = ALIGN (0x4)
                0x0000000008003b28                PROVIDE (__preinit_array_start = .)
 *(.preinit_array*)
                0x0000000008003b28                PROVIDE (__preinit_array_end = .)
                0x0000000008003b28                . = ALIGN (0x4)

.init_array     0x0000000008003b28        0x8
                0x0000000008003b28                . = ALIGN (0x4)
                0x0000000008003b28                PROVIDE (__init_array_start = .)
 *(SORT_BY_NAME(.init_array.*))
 *(.init_array*)
 .init_array    0x0000000008003b28        0x4 c:/st/stm32cubeide_1.4.2/stm32cubeide/plugins/com.st.stm32cube.ide.mcu.externaltools.gnu-tools-for-stm32.7-2018-q2-update.win32_1.5.0.202011040924/tools/bin/../lib/gcc/arm-none-eabi/7.3.1/thumb/v7-m/crtbegin.o
 .init_array    0x0000000008003b2c        0x4 Core/Src/main.o
                0x0000000008003b30                PROVIDE (__init_array_end = .)
                0x0000000008003b30                . = ALIGN (0x4)

.fini_array     0x0000000008003b30        0x4
                0x0000000008003b30                . = ALIGN (0x4)
                [!provide]                        PROVIDE (__fini_array_start = .)
 *(SORT_BY_NAME(.fini_array.*))
 *(.fini_array*)
 .fini_array    0x0000000008003b30        0x4 c:/st/stm32cubeide_1.4.2/stm32cubeide/plugins/com.st.stm32cube.ide.mcu.externaltools.gnu-tools-for-stm32.7-2018-q2-update.win32_1.5.0.202011040924/tools/bin/../lib/gcc/arm-none-eabi/7.3.1/thumb/v7-m/crtbegin.o
                [!provide]                        PROVIDE (__fini_array_end = .)
                0x0000000008003b34                . = ALIGN (0x4)
                0x0000000008003b34                _sidata = LOADADDR (.data)

.data           0x0000000020000000       0x14 load address 0x0000000008003b34
                0x0000000020000000                . = ALIGN (0x4)
                0x0000000020000000                _sdata = .
 *(.data)
 *(.data*)
 .data.absoluteMotorSpeed
                0x0000000020000000        0x4 Core/Src/main.o
                0x0000000020000000                absoluteMotorSpeed
 .data.SystemCoreClock
                0x0000000020000004        0x4 Core/Src/system_stm32f1xx.o
                0x0000000020000004                SystemCoreClock
 .data.uwTickPrio
                0x0000000020000008        0x4 Drivers/STM32F1xx_HAL_Driver/Src/stm32f1xx_hal.o
                0x0000000020000008                uwTickPrio
 .data.uwTickFreq
                0x000000002000000c        0x1 Drivers/STM32F1xx_HAL_Driver/Src/stm32f1xx_hal.o
                0x000000002000000c                uwTickFreq
 *fill*         0x000000002000000d        0x3 
 .data.uxCriticalNesting
                0x0000000020000010        0x4 Middlewares/Third_Party/FreeRTOS/Source/portable/GCC/ARM_CM3/port.o
                0x0000000020000014                . = ALIGN (0x4)
                0x0000000020000014                _edata = .

.igot.plt       0x0000000020000014        0x0 load address 0x0000000008003b48
 .igot.plt      0x0000000020000014        0x0 c:/st/stm32cubeide_1.4.2/stm32cubeide/plugins/com.st.stm32cube.ide.mcu.externaltools.gnu-tools-for-stm32.7-2018-q2-update.win32_1.5.0.202011040924/tools/bin/../lib/gcc/arm-none-eabi/7.3.1/thumb/v7-m/crtbegin.o
                0x0000000020000014                . = ALIGN (0x4)

.bss            0x0000000020000014      0xde0 load address 0x0000000008003b48
                0x0000000020000014                _sbss = .
                0x0000000020000014                __bss_start__ = _sbss
 *(.bss)
 .bss           0x0000000020000014       0x1c c:/st/stm32cubeide_1.4.2/stm32cubeide/plugins/com.st.stm32cube.ide.mcu.externaltools.gnu-tools-for-stm32.7-2018-q2-update.win32_1.5.0.202011040924/tools/bin/../lib/gcc/arm-none-eabi/7.3.1/thumb/v7-m/crtbegin.o
 *(.bss*)
 .bss.myMotor   0x0000000020000030        0x8 Core/Src/main.o
                0x0000000020000030                myMotor
 .bss.terminator
                0x0000000020000038        0x1 Core/Src/main.o
                0x0000000020000038                terminator
 *fill*         0x0000000020000039        0x3 
 .bss.onOff     0x000000002000003c        0x1 Core/Src/main.o
                0x000000002000003c                onOff
 *fill*         0x000000002000003d        0x3 
 .bss.encoder   0x0000000020000040       0x10 Core/Src/main.o
                0x0000000020000040                encoder
 .bss.prevEncoderPosition
                0x0000000020000050        0x4 Core/Src/main.o
                0x0000000020000050                prevEncoderPosition
 .bss.KernelState
                0x0000000020000054        0x4 Middlewares/Third_Party/FreeRTOS/Source/CMSIS_RTOS_V2/cmsis_os2.o
 .bss.Idle_TCB  0x0000000020000058       0x60 Middlewares/Third_Party/FreeRTOS/Source/CMSIS_RTOS_V2/cmsis_os2.o
 .bss.Idle_Stack
                0x00000000200000b8      0x200 Middlewares/Third_Party/FreeRTOS/Source/CMSIS_RTOS_V2/cmsis_os2.o
 .bss.Timer_TCB
                0x00000000200002b8       0x60 Middlewares/Third_Party/FreeRTOS/Source/CMSIS_RTOS_V2/cmsis_os2.o
 .bss.Timer_Stack
                0x0000000020000318      0x400 Middlewares/Third_Party/FreeRTOS/Source/CMSIS_RTOS_V2/cmsis_os2.o
 .bss.pxCurrentTCB
                0x0000000020000718        0x4 Middlewares/Third_Party/FreeRTOS/Source/tasks.o
                0x0000000020000718                pxCurrentTCB
 .bss.pxReadyTasksLists
                0x000000002000071c      0x460 Middlewares/Third_Party/FreeRTOS/Source/tasks.o
 .bss.xDelayedTaskList1
                0x0000000020000b7c       0x14 Middlewares/Third_Party/FreeRTOS/Source/tasks.o
 .bss.xDelayedTaskList2
                0x0000000020000b90       0x14 Middlewares/Third_Party/FreeRTOS/Source/tasks.o
 .bss.pxDelayedTaskList
                0x0000000020000ba4        0x4 Middlewares/Third_Party/FreeRTOS/Source/tasks.o
 .bss.pxOverflowDelayedTaskList
                0x0000000020000ba8        0x4 Middlewares/Third_Party/FreeRTOS/Source/tasks.o
 .bss.xPendingReadyList
                0x0000000020000bac       0x14 Middlewares/Third_Party/FreeRTOS/Source/tasks.o
 .bss.xTasksWaitingTermination
                0x0000000020000bc0       0x14 Middlewares/Third_Party/FreeRTOS/Source/tasks.o
 .bss.uxDeletedTasksWaitingCleanUp
                0x0000000020000bd4        0x4 Middlewares/Third_Party/FreeRTOS/Source/tasks.o
 .bss.xSuspendedTaskList
                0x0000000020000bd8       0x14 Middlewares/Third_Party/FreeRTOS/Source/tasks.o
 .bss.uxCurrentNumberOfTasks
                0x0000000020000bec        0x4 Middlewares/Third_Party/FreeRTOS/Source/tasks.o
 .bss.xTickCount
                0x0000000020000bf0        0x4 Middlewares/Third_Party/FreeRTOS/Source/tasks.o
 .bss.uxTopReadyPriority
                0x0000000020000bf4        0x4 Middlewares/Third_Party/FreeRTOS/Source/tasks.o
 .bss.xSchedulerRunning
                0x0000000020000bf8        0x4 Middlewares/Third_Party/FreeRTOS/Source/tasks.o
 .bss.uxPendedTicks
                0x0000000020000bfc        0x4 Middlewares/Third_Party/FreeRTOS/Source/tasks.o
 .bss.xYieldPending
                0x0000000020000c00        0x4 Middlewares/Third_Party/FreeRTOS/Source/tasks.o
 .bss.xNumOfOverflows
                0x0000000020000c04        0x4 Middlewares/Third_Party/FreeRTOS/Source/tasks.o
 .bss.uxTaskNumber
                0x0000000020000c08        0x4 Middlewares/Third_Party/FreeRTOS/Source/tasks.o
 .bss.xNextTaskUnblockTime
                0x0000000020000c0c        0x4 Middlewares/Third_Party/FreeRTOS/Source/tasks.o
 .bss.xIdleTaskHandle
                0x0000000020000c10        0x4 Middlewares/Third_Party/FreeRTOS/Source/tasks.o
 .bss.uxSchedulerSuspended
                0x0000000020000c14        0x4 Middlewares/Third_Party/FreeRTOS/Source/tasks.o
 .bss.ulTaskSwitchedInTime
                0x0000000020000c18        0x4 Middlewares/Third_Party/FreeRTOS/Source/tasks.o
 .bss.ulTotalRunTime
                0x0000000020000c1c        0x4 Middlewares/Third_Party/FreeRTOS/Source/tasks.o
 .bss.xActiveTimerList1
                0x0000000020000c20       0x14 Middlewares/Third_Party/FreeRTOS/Source/timers.o
 .bss.xActiveTimerList2
                0x0000000020000c34       0x14 Middlewares/Third_Party/FreeRTOS/Source/timers.o
 .bss.pxCurrentTimerList
                0x0000000020000c48        0x4 Middlewares/Third_Party/FreeRTOS/Source/timers.o
 .bss.pxOverflowTimerList
                0x0000000020000c4c        0x4 Middlewares/Third_Party/FreeRTOS/Source/timers.o
 .bss.xTimerQueue
                0x0000000020000c50        0x4 Middlewares/Third_Party/FreeRTOS/Source/timers.o
 .bss.xTimerTaskHandle
                0x0000000020000c54        0x4 Middlewares/Third_Party/FreeRTOS/Source/timers.o
 .bss.xLastTime.5457
                0x0000000020000c58        0x4 Middlewares/Third_Party/FreeRTOS/Source/timers.o
 .bss.ucStaticTimerQueueStorage.5508
                0x0000000020000c5c       0xa0 Middlewares/Third_Party/FreeRTOS/Source/timers.o
 .bss.xStaticTimerQueue.5507
                0x0000000020000cfc       0x50 Middlewares/Third_Party/FreeRTOS/Source/timers.o
 .bss.ucMaxSysCallPriority
                0x0000000020000d4c        0x1 Middlewares/Third_Party/FreeRTOS/Source/portable/GCC/ARM_CM3/port.o
 *fill*         0x0000000020000d4d        0x3 
 .bss.ulMaxPRIGROUPValue
                0x0000000020000d50        0x4 Middlewares/Third_Party/FreeRTOS/Source/portable/GCC/ARM_CM3/port.o
 .bss.xStart    0x0000000020000d54        0x8 Middlewares/Third_Party/FreeRTOS/Source/portable/MemMang/heap_4.o
 .bss.pxEnd     0x0000000020000d5c        0x4 Middlewares/Third_Party/FreeRTOS/Source/portable/MemMang/heap_4.o
 .bss.xFreeBytesRemaining
                0x0000000020000d60        0x4 Middlewares/Third_Party/FreeRTOS/Source/portable/MemMang/heap_4.o
 .bss.xBlockAllocatedBit
                0x0000000020000d64        0x4 Middlewares/Third_Party/FreeRTOS/Source/portable/MemMang/heap_4.o
 *(COMMON)
 COMMON         0x0000000020000d68       0x48 Core/Src/stm32f1xx_hal_timebase_tim.o
                0x0000000020000d68                htim1
 COMMON         0x0000000020000db0        0x4 Drivers/STM32F1xx_HAL_Driver/Src/stm32f1xx_hal.o
                0x0000000020000db0                uwTick
 COMMON         0x0000000020000db4       0x40 Middlewares/Third_Party/FreeRTOS/Source/queue.o
                0x0000000020000db4                xQueueRegistry
                0x0000000020000df4                . = ALIGN (0x4)
                0x0000000020000df4                _ebss = .
                0x0000000020000df4                __bss_end__ = _ebss

._user_heap_stack
                0x0000000020000df4      0x604 load address 0x0000000008003b48
                0x0000000020000df8                . = ALIGN (0x8)
 *fill*         0x0000000020000df4        0x4 
                [!provide]                        PROVIDE (end = .)
                0x0000000020000df8                PROVIDE (_end = .)
                0x0000000020000ff8                . = (. + _Min_Heap_Size)
 *fill*         0x0000000020000df8      0x200 
                0x00000000200013f8                . = (. + _Min_Stack_Size)
 *fill*         0x0000000020000ff8      0x400 
                0x00000000200013f8                . = ALIGN (0x8)

/DISCARD/
 libc.a(*)
 libm.a(*)
 libgcc.a(*)

.ARM.attributes
                0x0000000000000000       0x29
 *(.ARM.attributes)
 .ARM.attributes
                0x0000000000000000       0x1d c:/st/stm32cubeide_1.4.2/stm32cubeide/plugins/com.st.stm32cube.ide.mcu.externaltools.gnu-tools-for-stm32.7-2018-q2-update.win32_1.5.0.202011040924/tools/bin/../lib/gcc/arm-none-eabi/7.3.1/thumb/v7-m/crti.o
 .ARM.attributes
                0x000000000000001d       0x2d c:/st/stm32cubeide_1.4.2/stm32cubeide/plugins/com.st.stm32cube.ide.mcu.externaltools.gnu-tools-for-stm32.7-2018-q2-update.win32_1.5.0.202011040924/tools/bin/../lib/gcc/arm-none-eabi/7.3.1/thumb/v7-m/crtbegin.o
 .ARM.attributes
                0x000000000000004a       0x33 Core/Src/DigitalIn.o
 .ARM.attributes
                0x000000000000007d       0x33 Core/Src/DigitalOut.o
 .ARM.attributes
                0x00000000000000b0       0x33 Core/Src/Encoder.o
 .ARM.attributes
                0x00000000000000e3       0x33 Core/Src/Motor.o
 .ARM.attributes
                0x0000000000000116       0x33 Core/Src/freertos.o
 .ARM.attributes
                0x0000000000000149       0x33 Core/Src/main.o
 .ARM.attributes
                0x000000000000017c       0x33 Core/Src/stm32f1xx_hal_msp.o
 .ARM.attributes
                0x00000000000001af       0x33 Core/Src/stm32f1xx_hal_timebase_tim.o
 .ARM.attributes
                0x00000000000001e2       0x33 Core/Src/stm32f1xx_it.o
 .ARM.attributes
                0x0000000000000215       0x33 Core/Src/system_stm32f1xx.o
 .ARM.attributes
                0x0000000000000248       0x21 Core/Startup/startup_stm32f103cbtx.o
 .ARM.attributes
                0x0000000000000269       0x33 Drivers/STM32F1xx_HAL_Driver/Src/stm32f1xx_hal.o
 .ARM.attributes
                0x000000000000029c       0x33 Drivers/STM32F1xx_HAL_Driver/Src/stm32f1xx_hal_cortex.o
 .ARM.attributes
                0x00000000000002cf       0x33 Drivers/STM32F1xx_HAL_Driver/Src/stm32f1xx_hal_rcc.o
 .ARM.attributes
                0x0000000000000302       0x33 Drivers/STM32F1xx_HAL_Driver/Src/stm32f1xx_hal_tim.o
 .ARM.attributes
                0x0000000000000335       0x33 Drivers/STM32F1xx_HAL_Driver/Src/stm32f1xx_hal_tim_ex.o
 .ARM.attributes
                0x0000000000000368       0x33 Middlewares/Third_Party/FreeRTOS/Source/CMSIS_RTOS_V2/cmsis_os2.o
 .ARM.attributes
                0x000000000000039b       0x33 Middlewares/Third_Party/FreeRTOS/Source/list.o
 .ARM.attributes
                0x00000000000003ce       0x33 Middlewares/Third_Party/FreeRTOS/Source/queue.o
 .ARM.attributes
                0x0000000000000401       0x33 Middlewares/Third_Party/FreeRTOS/Source/tasks.o
 .ARM.attributes
                0x0000000000000434       0x33 Middlewares/Third_Party/FreeRTOS/Source/timers.o
 .ARM.attributes
                0x0000000000000467       0x33 Middlewares/Third_Party/FreeRTOS/Source/portable/GCC/ARM_CM3/port.o
 .ARM.attributes
                0x000000000000049a       0x33 Middlewares/Third_Party/FreeRTOS/Source/portable/MemMang/heap_4.o
 .ARM.attributes
                0x00000000000004cd       0x2d c:/st/stm32cubeide_1.4.2/stm32cubeide/plugins/com.st.stm32cube.ide.mcu.externaltools.gnu-tools-for-stm32.7-2018-q2-update.win32_1.5.0.202011040924/tools/bin/../lib/gcc/arm-none-eabi/7.3.1/../../../../arm-none-eabi/lib/thumb/v7-m\libc_nano.a(lib_a-init.o)
 .ARM.attributes
                0x00000000000004fa       0x2d c:/st/stm32cubeide_1.4.2/stm32cubeide/plugins/com.st.stm32cube.ide.mcu.externaltools.gnu-tools-for-stm32.7-2018-q2-update.win32_1.5.0.202011040924/tools/bin/../lib/gcc/arm-none-eabi/7.3.1/../../../../arm-none-eabi/lib/thumb/v7-m\libc_nano.a(lib_a-memcpy-stub.o)
 .ARM.attributes
                0x0000000000000527       0x2d c:/st/stm32cubeide_1.4.2/stm32cubeide/plugins/com.st.stm32cube.ide.mcu.externaltools.gnu-tools-for-stm32.7-2018-q2-update.win32_1.5.0.202011040924/tools/bin/../lib/gcc/arm-none-eabi/7.3.1/../../../../arm-none-eabi/lib/thumb/v7-m\libc_nano.a(lib_a-memset.o)
 .ARM.attributes
                0x0000000000000554       0x1d c:/st/stm32cubeide_1.4.2/stm32cubeide/plugins/com.st.stm32cube.ide.mcu.externaltools.gnu-tools-for-stm32.7-2018-q2-update.win32_1.5.0.202011040924/tools/bin/../lib/gcc/arm-none-eabi/7.3.1/thumb/v7-m/crtn.o
OUTPUT(RunningDuck.elf elf32-littlearm)

.debug_info     0x0000000000000000    0x1594c
 .debug_info    0x0000000000000000       0xb3 Core/Src/DigitalIn.o
 .debug_info    0x00000000000000b3      0x12c Core/Src/DigitalOut.o
 .debug_info    0x00000000000001df      0x18e Core/Src/Encoder.o
 .debug_info    0x000000000000036d     0x120a Core/Src/Motor.o
 .debug_info    0x0000000000001577      0x4b3 Core/Src/freertos.o
 .debug_info    0x0000000000001a2a      0xdf6 Core/Src/main.o
 .debug_info    0x0000000000002820      0x41c Core/Src/stm32f1xx_hal_msp.o
 .debug_info    0x0000000000002c3c      0x993 Core/Src/stm32f1xx_hal_timebase_tim.o
 .debug_info    0x00000000000035cf      0x710 Core/Src/stm32f1xx_it.o
 .debug_info    0x0000000000003cdf      0x29a Core/Src/system_stm32f1xx.o
 .debug_info    0x0000000000003f79       0x22 Core/Startup/startup_stm32f103cbtx.o
 .debug_info    0x0000000000003f9b      0x714 Drivers/STM32F1xx_HAL_Driver/Src/stm32f1xx_hal.o
 .debug_info    0x00000000000046af      0xb51 Drivers/STM32F1xx_HAL_Driver/Src/stm32f1xx_hal_cortex.o
 .debug_info    0x0000000000005200      0x80f Drivers/STM32F1xx_HAL_Driver/Src/stm32f1xx_hal_rcc.o
 .debug_info    0x0000000000005a0f     0x27ef Drivers/STM32F1xx_HAL_Driver/Src/stm32f1xx_hal_tim.o
 .debug_info    0x00000000000081fe     0x136f Drivers/STM32F1xx_HAL_Driver/Src/stm32f1xx_hal_tim_ex.o
 .debug_info    0x000000000000956d     0x4094 Middlewares/Third_Party/FreeRTOS/Source/CMSIS_RTOS_V2/cmsis_os2.o
 .debug_info    0x000000000000d601      0xac5 Middlewares/Third_Party/FreeRTOS/Source/list.o
 .debug_info    0x000000000000e0c6     0x22e8 Middlewares/Third_Party/FreeRTOS/Source/queue.o
 .debug_info    0x00000000000103ae     0x2ab4 Middlewares/Third_Party/FreeRTOS/Source/tasks.o
 .debug_info    0x0000000000012e62     0x1a2e Middlewares/Third_Party/FreeRTOS/Source/timers.o
 .debug_info    0x0000000000014890      0x4d2 Middlewares/Third_Party/FreeRTOS/Source/portable/GCC/ARM_CM3/port.o
 .debug_info    0x0000000000014d62      0xbea Middlewares/Third_Party/FreeRTOS/Source/portable/MemMang/heap_4.o

.debug_abbrev   0x0000000000000000     0x2e35
 .debug_abbrev  0x0000000000000000       0xb1 Core/Src/DigitalIn.o
 .debug_abbrev  0x00000000000000b1       0xef Core/Src/DigitalOut.o
 .debug_abbrev  0x00000000000001a0       0xe6 Core/Src/Encoder.o
 .debug_abbrev  0x0000000000000286      0x2e6 Core/Src/Motor.o
 .debug_abbrev  0x000000000000056c      0x172 Core/Src/freertos.o
 .debug_abbrev  0x00000000000006de      0x30d Core/Src/main.o
 .debug_abbrev  0x00000000000009eb      0x112 Core/Src/stm32f1xx_hal_msp.o
 .debug_abbrev  0x0000000000000afd      0x19d Core/Src/stm32f1xx_hal_timebase_tim.o
 .debug_abbrev  0x0000000000000c9a      0x15a Core/Src/stm32f1xx_it.o
 .debug_abbrev  0x0000000000000df4      0x134 Core/Src/system_stm32f1xx.o
 .debug_abbrev  0x0000000000000f28       0x12 Core/Startup/startup_stm32f103cbtx.o
 .debug_abbrev  0x0000000000000f3a      0x1c7 Drivers/STM32F1xx_HAL_Driver/Src/stm32f1xx_hal.o
 .debug_abbrev  0x0000000000001101      0x2d5 Drivers/STM32F1xx_HAL_Driver/Src/stm32f1xx_hal_cortex.o
 .debug_abbrev  0x00000000000013d6      0x243 Drivers/STM32F1xx_HAL_Driver/Src/stm32f1xx_hal_rcc.o
 .debug_abbrev  0x0000000000001619      0x230 Drivers/STM32F1xx_HAL_Driver/Src/stm32f1xx_hal_tim.o
 .debug_abbrev  0x0000000000001849      0x236 Drivers/STM32F1xx_HAL_Driver/Src/stm32f1xx_hal_tim_ex.o
 .debug_abbrev  0x0000000000001a7f      0x3b8 Middlewares/Third_Party/FreeRTOS/Source/CMSIS_RTOS_V2/cmsis_os2.o
 .debug_abbrev  0x0000000000001e37      0x1cf Middlewares/Third_Party/FreeRTOS/Source/list.o
 .debug_abbrev  0x0000000000002006      0x354 Middlewares/Third_Party/FreeRTOS/Source/queue.o
 .debug_abbrev  0x000000000000235a      0x361 Middlewares/Third_Party/FreeRTOS/Source/tasks.o
 .debug_abbrev  0x00000000000026bb      0x2d7 Middlewares/Third_Party/FreeRTOS/Source/timers.o
 .debug_abbrev  0x0000000000002992      0x205 Middlewares/Third_Party/FreeRTOS/Source/portable/GCC/ARM_CM3/port.o
 .debug_abbrev  0x0000000000002b97      0x29e Middlewares/Third_Party/FreeRTOS/Source/portable/MemMang/heap_4.o

.debug_aranges  0x0000000000000000     0x1178
 .debug_aranges
                0x0000000000000000       0x20 Core/Src/DigitalIn.o
 .debug_aranges
                0x0000000000000020       0x28 Core/Src/DigitalOut.o
 .debug_aranges
                0x0000000000000048       0x20 Core/Src/Encoder.o
 .debug_aranges
                0x0000000000000068       0x30 Core/Src/Motor.o
 .debug_aranges
                0x0000000000000098       0x50 Core/Src/freertos.o
 .debug_aranges
                0x00000000000000e8       0x70 Core/Src/main.o
 .debug_aranges
                0x0000000000000158       0x20 Core/Src/stm32f1xx_hal_msp.o
 .debug_aranges
                0x0000000000000178       0x30 Core/Src/stm32f1xx_hal_timebase_tim.o
 .debug_aranges
                0x00000000000001a8       0x50 Core/Src/stm32f1xx_it.o
 .debug_aranges
                0x00000000000001f8       0x28 Core/Src/system_stm32f1xx.o
 .debug_aranges
                0x0000000000000220       0x28 Core/Startup/startup_stm32f103cbtx.o
 .debug_aranges
                0x0000000000000248       0xe0 Drivers/STM32F1xx_HAL_Driver/Src/stm32f1xx_hal.o
 .debug_aranges
                0x0000000000000328      0x100 Drivers/STM32F1xx_HAL_Driver/Src/stm32f1xx_hal_cortex.o
 .debug_aranges
                0x0000000000000428       0x90 Drivers/STM32F1xx_HAL_Driver/Src/stm32f1xx_hal_rcc.o
 .debug_aranges
                0x00000000000004b8      0x3d0 Drivers/STM32F1xx_HAL_Driver/Src/stm32f1xx_hal_tim.o
 .debug_aranges
                0x0000000000000888      0x168 Drivers/STM32F1xx_HAL_Driver/Src/stm32f1xx_hal_tim_ex.o
 .debug_aranges
                0x00000000000009f0      0x238 Middlewares/Third_Party/FreeRTOS/Source/CMSIS_RTOS_V2/cmsis_os2.o
 .debug_aranges
                0x0000000000000c28       0x40 Middlewares/Third_Party/FreeRTOS/Source/list.o
 .debug_aranges
                0x0000000000000c68      0x158 Middlewares/Third_Party/FreeRTOS/Source/queue.o
 .debug_aranges
                0x0000000000000dc0      0x210 Middlewares/Third_Party/FreeRTOS/Source/tasks.o
 .debug_aranges
                0x0000000000000fd0       0xe0 Middlewares/Third_Party/FreeRTOS/Source/timers.o
 .debug_aranges
                0x00000000000010b0       0x78 Middlewares/Third_Party/FreeRTOS/Source/portable/GCC/ARM_CM3/port.o
 .debug_aranges
                0x0000000000001128       0x50 Middlewares/Third_Party/FreeRTOS/Source/portable/MemMang/heap_4.o

.debug_ranges   0x0000000000000000     0x1010
 .debug_ranges  0x0000000000000000       0x10 Core/Src/DigitalIn.o
 .debug_ranges  0x0000000000000010       0x18 Core/Src/DigitalOut.o
 .debug_ranges  0x0000000000000028       0x10 Core/Src/Encoder.o
 .debug_ranges  0x0000000000000038       0x20 Core/Src/Motor.o
 .debug_ranges  0x0000000000000058       0x40 Core/Src/freertos.o
 .debug_ranges  0x0000000000000098       0x60 Core/Src/main.o
 .debug_ranges  0x00000000000000f8       0x10 Core/Src/stm32f1xx_hal_msp.o
 .debug_ranges  0x0000000000000108       0x20 Core/Src/stm32f1xx_hal_timebase_tim.o
 .debug_ranges  0x0000000000000128       0x40 Core/Src/stm32f1xx_it.o
 .debug_ranges  0x0000000000000168       0x18 Core/Src/system_stm32f1xx.o
 .debug_ranges  0x0000000000000180       0x20 Core/Startup/startup_stm32f103cbtx.o
 .debug_ranges  0x00000000000001a0       0xd0 Drivers/STM32F1xx_HAL_Driver/Src/stm32f1xx_hal.o
 .debug_ranges  0x0000000000000270       0xf0 Drivers/STM32F1xx_HAL_Driver/Src/stm32f1xx_hal_cortex.o
 .debug_ranges  0x0000000000000360       0x80 Drivers/STM32F1xx_HAL_Driver/Src/stm32f1xx_hal_rcc.o
 .debug_ranges  0x00000000000003e0      0x3c0 Drivers/STM32F1xx_HAL_Driver/Src/stm32f1xx_hal_tim.o
 .debug_ranges  0x00000000000007a0      0x158 Drivers/STM32F1xx_HAL_Driver/Src/stm32f1xx_hal_tim_ex.o
 .debug_ranges  0x00000000000008f8      0x228 Middlewares/Third_Party/FreeRTOS/Source/CMSIS_RTOS_V2/cmsis_os2.o
 .debug_ranges  0x0000000000000b20       0x30 Middlewares/Third_Party/FreeRTOS/Source/list.o
 .debug_ranges  0x0000000000000b50      0x148 Middlewares/Third_Party/FreeRTOS/Source/queue.o
 .debug_ranges  0x0000000000000c98      0x200 Middlewares/Third_Party/FreeRTOS/Source/tasks.o
 .debug_ranges  0x0000000000000e98       0xd0 Middlewares/Third_Party/FreeRTOS/Source/timers.o
 .debug_ranges  0x0000000000000f68       0x68 Middlewares/Third_Party/FreeRTOS/Source/portable/GCC/ARM_CM3/port.o
 .debug_ranges  0x0000000000000fd0       0x40 Middlewares/Third_Party/FreeRTOS/Source/portable/MemMang/heap_4.o

.debug_macro    0x0000000000000000    0x1b347
 .debug_macro   0x0000000000000000       0x1b Core/Src/DigitalIn.o
 .debug_macro   0x000000000000001b      0xb32 Core/Src/DigitalIn.o
 .debug_macro   0x0000000000000b4d       0x1b Core/Src/DigitalOut.o
 .debug_macro   0x0000000000000b68       0x2b Core/Src/Encoder.o
 .debug_macro   0x0000000000000b93      0x180 Core/Src/Motor.o
 .debug_macro   0x0000000000000d13      0x168 Core/Src/Motor.o
 .debug_macro   0x0000000000000e7b       0x10 Core/Src/Motor.o
 .debug_macro   0x0000000000000e8b      0x3f4 Core/Src/Motor.o
 .debug_macro   0x000000000000127f       0x18 Core/Src/Motor.o
 .debug_macro   0x0000000000001297       0x22 Core/Src/Motor.o
 .debug_macro   0x00000000000012b9       0x40 Core/Src/Motor.o
 .debug_macro   0x00000000000012f9       0x18 Core/Src/Motor.o
 .debug_macro   0x0000000000001311       0x94 Core/Src/Motor.o
 .debug_macro   0x00000000000013a5       0x3c Core/Src/Motor.o
 .debug_macro   0x00000000000013e1       0x34 Core/Src/Motor.o
 .debug_macro   0x0000000000001415      0x17b Core/Src/Motor.o
 .debug_macro   0x0000000000001590       0x57 Core/Src/Motor.o
 .debug_macro   0x00000000000015e7       0x52 Core/Src/Motor.o
 .debug_macro   0x0000000000001639       0x1f Core/Src/Motor.o
 .debug_macro   0x0000000000001658       0x43 Core/Src/Motor.o
 .debug_macro   0x000000000000169b       0x20 Core/Src/Motor.o
 .debug_macro   0x00000000000016bb      0x1a3 Core/Src/Motor.o
 .debug_macro   0x000000000000185e      0x353 Core/Src/Motor.o
 .debug_macro   0x0000000000001bb1      0x1da Core/Src/Motor.o
 .debug_macro   0x0000000000001d8b       0x10 Core/Src/Motor.o
 .debug_macro   0x0000000000001d9b       0x16 Core/Src/Motor.o
 .debug_macro   0x0000000000001db1       0x35 Core/Src/Motor.o
 .debug_macro   0x0000000000001de6       0x16 Core/Src/Motor.o
 .debug_macro   0x0000000000001dfc       0x29 Core/Src/Motor.o
 .debug_macro   0x0000000000001e25       0x10 Core/Src/Motor.o
 .debug_macro   0x0000000000001e35      0x3c7 Core/Src/Motor.o
 .debug_macro   0x00000000000021fc      0x22d Core/Src/freertos.o
 .debug_macro   0x0000000000002429      0xa5a Core/Src/freertos.o
 .debug_macro   0x0000000000002e83      0x174 Core/Src/freertos.o
 .debug_macro   0x0000000000002ff7       0x8e Core/Src/freertos.o
 .debug_macro   0x0000000000003085       0x51 Core/Src/freertos.o
 .debug_macro   0x00000000000030d6       0xef Core/Src/freertos.o
 .debug_macro   0x00000000000031c5       0x6a Core/Src/freertos.o
 .debug_macro   0x000000000000322f      0x1df Core/Src/freertos.o
 .debug_macro   0x000000000000340e      0x144 Core/Src/freertos.o
 .debug_macro   0x0000000000003552      0x15a Core/Src/freertos.o
 .debug_macro   0x00000000000036ac       0xc2 Core/Src/freertos.o
 .debug_macro   0x000000000000376e       0x10 Core/Src/freertos.o
 .debug_macro   0x000000000000377e       0x1f Core/Src/freertos.o
 .debug_macro   0x000000000000379d      0x463 Core/Src/freertos.o
 .debug_macro   0x0000000000003c00       0xb5 Core/Src/freertos.o
 .debug_macro   0x0000000000003cb5       0x8c Core/Src/freertos.o
 .debug_macro   0x0000000000003d41      0x20f Core/Src/freertos.o
 .debug_macro   0x0000000000003f50       0x2e Core/Src/freertos.o
 .debug_macro   0x0000000000003f7e       0x22 Core/Src/freertos.o
 .debug_macro   0x0000000000003fa0       0x1c Core/Src/freertos.o
 .debug_macro   0x0000000000003fbc       0x22 Core/Src/freertos.o
 .debug_macro   0x0000000000003fde       0xc3 Core/Src/freertos.o
 .debug_macro   0x00000000000040a1      0xd23 Core/Src/freertos.o
 .debug_macro   0x0000000000004dc4     0xe097 Core/Src/freertos.o
 .debug_macro   0x0000000000012e5b       0x43 Core/Src/freertos.o
 .debug_macro   0x0000000000012e9e     0x3468 Core/Src/freertos.o
 .debug_macro   0x0000000000016306       0x5c Core/Src/freertos.o
 .debug_macro   0x0000000000016362      0x5be Core/Src/freertos.o
 .debug_macro   0x0000000000016920      0x289 Core/Src/freertos.o
 .debug_macro   0x0000000000016ba9      0x1cb Core/Src/freertos.o
 .debug_macro   0x0000000000016d74      0x114 Core/Src/freertos.o
 .debug_macro   0x0000000000016e88      0x1b2 Core/Src/freertos.o
 .debug_macro   0x000000000001703a       0x27 Core/Src/freertos.o
 .debug_macro   0x0000000000017061      0x136 Core/Src/freertos.o
 .debug_macro   0x0000000000017197      0x1bc Core/Src/freertos.o
 .debug_macro   0x0000000000017353       0x34 Core/Src/freertos.o
 .debug_macro   0x0000000000017387       0x3c Core/Src/freertos.o
 .debug_macro   0x00000000000173c3       0x57 Core/Src/freertos.o
 .debug_macro   0x000000000001741a       0x88 Core/Src/freertos.o
 .debug_macro   0x00000000000174a2      0x241 Core/Src/freertos.o
 .debug_macro   0x00000000000176e3      0x141 Core/Src/freertos.o
 .debug_macro   0x0000000000017824      0x8d1 Core/Src/freertos.o
 .debug_macro   0x00000000000180f5       0x83 Core/Src/freertos.o
 .debug_macro   0x0000000000018178       0x5b Core/Src/freertos.o
 .debug_macro   0x00000000000181d3       0x74 Core/Src/freertos.o
 .debug_macro   0x0000000000018247       0xdd Core/Src/freertos.o
 .debug_macro   0x0000000000018324      0x24d Core/Src/main.o
 .debug_macro   0x0000000000018571       0x1c Core/Src/main.o
 .debug_macro   0x000000000001858d      0xd23 Core/Src/main.o
 .debug_macro   0x00000000000192b0      0x144 Core/Src/main.o
 .debug_macro   0x00000000000193f4      0x1a3 Core/Src/stm32f1xx_hal_msp.o
 .debug_macro   0x0000000000019597      0x199 Core/Src/stm32f1xx_hal_timebase_tim.o
 .debug_macro   0x0000000000019730      0x1ad Core/Src/stm32f1xx_it.o
 .debug_macro   0x00000000000198dd      0x199 Core/Src/system_stm32f1xx.o
 .debug_macro   0x0000000000019a76      0x1bd Drivers/STM32F1xx_HAL_Driver/Src/stm32f1xx_hal.o
 .debug_macro   0x0000000000019c33      0x199 Drivers/STM32F1xx_HAL_Driver/Src/stm32f1xx_hal_cortex.o
 .debug_macro   0x0000000000019dcc      0x1ab Drivers/STM32F1xx_HAL_Driver/Src/stm32f1xx_hal_rcc.o
 .debug_macro   0x0000000000019f77      0x19a Drivers/STM32F1xx_HAL_Driver/Src/stm32f1xx_hal_tim.o
 .debug_macro   0x000000000001a111      0x199 Drivers/STM32F1xx_HAL_Driver/Src/stm32f1xx_hal_tim_ex.o
 .debug_macro   0x000000000001a2aa      0x23a Middlewares/Third_Party/FreeRTOS/Source/CMSIS_RTOS_V2/cmsis_os2.o
 .debug_macro   0x000000000001a4e4       0x10 Middlewares/Third_Party/FreeRTOS/Source/CMSIS_RTOS_V2/cmsis_os2.o
 .debug_macro   0x000000000001a4f4       0x20 Middlewares/Third_Party/FreeRTOS/Source/CMSIS_RTOS_V2/cmsis_os2.o
 .debug_macro   0x000000000001a514       0x10 Middlewares/Third_Party/FreeRTOS/Source/CMSIS_RTOS_V2/cmsis_os2.o
 .debug_macro   0x000000000001a524       0xb7 Middlewares/Third_Party/FreeRTOS/Source/CMSIS_RTOS_V2/cmsis_os2.o
 .debug_macro   0x000000000001a5db       0x91 Middlewares/Third_Party/FreeRTOS/Source/CMSIS_RTOS_V2/cmsis_os2.o
 .debug_macro   0x000000000001a66c       0x8d Middlewares/Third_Party/FreeRTOS/Source/CMSIS_RTOS_V2/cmsis_os2.o
 .debug_macro   0x000000000001a6f9       0x9a Middlewares/Third_Party/FreeRTOS/Source/CMSIS_RTOS_V2/cmsis_os2.o
 .debug_macro   0x000000000001a793      0x17a Middlewares/Third_Party/FreeRTOS/Source/list.o
 .debug_macro   0x000000000001a90d      0x205 Middlewares/Third_Party/FreeRTOS/Source/queue.o
 .debug_macro   0x000000000001ab12       0x16 Middlewares/Third_Party/FreeRTOS/Source/queue.o
 .debug_macro   0x000000000001ab28      0x33f Middlewares/Third_Party/FreeRTOS/Source/tasks.o
 .debug_macro   0x000000000001ae67       0x10 Middlewares/Third_Party/FreeRTOS/Source/tasks.o
 .debug_macro   0x000000000001ae77      0x1bd Middlewares/Third_Party/FreeRTOS/Source/timers.o
 .debug_macro   0x000000000001b034      0x172 Middlewares/Third_Party/FreeRTOS/Source/portable/GCC/ARM_CM3/port.o
 .debug_macro   0x000000000001b1a6      0x1a1 Middlewares/Third_Party/FreeRTOS/Source/portable/MemMang/heap_4.o

.debug_line     0x0000000000000000     0xe570
 .debug_line    0x0000000000000000       0x64 Core/Src/DigitalIn.o
 .debug_line    0x0000000000000064       0x75 Core/Src/DigitalOut.o
 .debug_line    0x00000000000000d9       0x71 Core/Src/Encoder.o
 .debug_line    0x000000000000014a      0x8c6 Core/Src/Motor.o
 .debug_line    0x0000000000000a10      0x822 Core/Src/freertos.o
 .debug_line    0x0000000000001232      0x8bd Core/Src/main.o
 .debug_line    0x0000000000001aef      0x661 Core/Src/stm32f1xx_hal_msp.o
 .debug_line    0x0000000000002150      0x693 Core/Src/stm32f1xx_hal_timebase_tim.o
 .debug_line    0x00000000000027e3      0x6e1 Core/Src/stm32f1xx_it.o
 .debug_line    0x0000000000002ec4      0x687 Core/Src/system_stm32f1xx.o
 .debug_line    0x000000000000354b       0x84 Core/Startup/startup_stm32f103cbtx.o
 .debug_line    0x00000000000035cf      0x83a Drivers/STM32F1xx_HAL_Driver/Src/stm32f1xx_hal.o
 .debug_line    0x0000000000003e09      0x911 Drivers/STM32F1xx_HAL_Driver/Src/stm32f1xx_hal_cortex.o
 .debug_line    0x000000000000471a      0x8fa Drivers/STM32F1xx_HAL_Driver/Src/stm32f1xx_hal_rcc.o
 .debug_line    0x0000000000005014     0x1f93 Drivers/STM32F1xx_HAL_Driver/Src/stm32f1xx_hal_tim.o
 .debug_line    0x0000000000006fa7     0x12a1 Drivers/STM32F1xx_HAL_Driver/Src/stm32f1xx_hal_tim_ex.o
 .debug_line    0x0000000000008248     0x1e48 Middlewares/Third_Party/FreeRTOS/Source/CMSIS_RTOS_V2/cmsis_os2.o
 .debug_line    0x000000000000a090      0x66b Middlewares/Third_Party/FreeRTOS/Source/list.o
 .debug_line    0x000000000000a6fb     0x10f6 Middlewares/Third_Party/FreeRTOS/Source/queue.o
 .debug_line    0x000000000000b7f1     0x15af Middlewares/Third_Party/FreeRTOS/Source/tasks.o
 .debug_line    0x000000000000cda0      0xa22 Middlewares/Third_Party/FreeRTOS/Source/timers.o
 .debug_line    0x000000000000d7c2      0x65d Middlewares/Third_Party/FreeRTOS/Source/portable/GCC/ARM_CM3/port.o
 .debug_line    0x000000000000de1f      0x751 Middlewares/Third_Party/FreeRTOS/Source/portable/MemMang/heap_4.o

.debug_str      0x0000000000000000    0x945ec
 .debug_str     0x0000000000000000     0x3135 Core/Src/DigitalIn.o
 .debug_str     0x0000000000003135       0x97 Core/Src/DigitalOut.o
                                       0x316d (size before relaxing)
 .debug_str     0x00000000000031cc       0xdf Core/Src/Encoder.o
                                       0x3207 (size before relaxing)
 .debug_str     0x00000000000032ab     0x5afb Core/Src/Motor.o
                                       0x8e9c (size before relaxing)
 .debug_str     0x0000000000008da6    0x827cc Core/Src/freertos.o
                                      0x85ccc (size before relaxing)
 .debug_str     0x000000000008b572      0x7f4 Core/Src/main.o
                                      0x85a43 (size before relaxing)
 .debug_str     0x000000000008bd66      0x304 Core/Src/stm32f1xx_hal_msp.o
                                      0x81637 (size before relaxing)
 .debug_str     0x000000000008c06a       0x98 Core/Src/stm32f1xx_hal_timebase_tim.o
                                      0x81bad (size before relaxing)
 .debug_str     0x000000000008c102       0x92 Core/Src/stm32f1xx_it.o
                                      0x81821 (size before relaxing)
 .debug_str     0x000000000008c194       0x52 Core/Src/system_stm32f1xx.o
                                      0x8134f (size before relaxing)
 .debug_str     0x000000000008c1e6       0x36 Core/Startup/startup_stm32f103cbtx.o
                                         0x76 (size before relaxing)
 .debug_str     0x000000000008c21c      0x2c0 Drivers/STM32F1xx_HAL_Driver/Src/stm32f1xx_hal.o
                                      0x819e0 (size before relaxing)
 .debug_str     0x000000000008c4dc      0x2f7 Drivers/STM32F1xx_HAL_Driver/Src/stm32f1xx_hal_cortex.o
                                      0x819e8 (size before relaxing)
 .debug_str     0x000000000008c7d3      0x272 Drivers/STM32F1xx_HAL_Driver/Src/stm32f1xx_hal_rcc.o
                                      0x8174c (size before relaxing)
 .debug_str     0x000000000008ca45      0xe4d Drivers/STM32F1xx_HAL_Driver/Src/stm32f1xx_hal_tim.o
                                      0x8271e (size before relaxing)
 .debug_str     0x000000000008d892      0x561 Drivers/STM32F1xx_HAL_Driver/Src/stm32f1xx_hal_tim_ex.o
                                      0x81ef8 (size before relaxing)
 .debug_str     0x000000000008ddf3     0x293a Middlewares/Third_Party/FreeRTOS/Source/CMSIS_RTOS_V2/cmsis_os2.o
                                       0xde09 (size before relaxing)
 .debug_str     0x000000000009072d      0x139 Middlewares/Third_Party/FreeRTOS/Source/list.o
                                       0xa423 (size before relaxing)
 .debug_str     0x0000000000090866      0x8fd Middlewares/Third_Party/FreeRTOS/Source/queue.o
                                       0xbc49 (size before relaxing)
 .debug_str     0x0000000000091163     0x25c4 Middlewares/Third_Party/FreeRTOS/Source/tasks.o
                                       0xdb74 (size before relaxing)
 .debug_str     0x0000000000093727      0x586 Middlewares/Third_Party/FreeRTOS/Source/timers.o
                                       0xc175 (size before relaxing)
 .debug_str     0x0000000000093cad      0x6ee Middlewares/Third_Party/FreeRTOS/Source/portable/GCC/ARM_CM3/port.o
                                       0x8007 (size before relaxing)
 .debug_str     0x000000000009439b      0x251 Middlewares/Third_Party/FreeRTOS/Source/portable/MemMang/heap_4.o
                                       0xab46 (size before relaxing)

.comment        0x0000000000000000       0x7b
 .comment       0x0000000000000000       0x7b Core/Src/DigitalIn.o
                                         0x7c (size before relaxing)
 .comment       0x000000000000007b       0x7c Core/Src/DigitalOut.o
 .comment       0x000000000000007b       0x7c Core/Src/Encoder.o
 .comment       0x000000000000007b       0x7c Core/Src/Motor.o
 .comment       0x000000000000007b       0x7c Core/Src/freertos.o
 .comment       0x000000000000007b       0x7c Core/Src/main.o
 .comment       0x000000000000007b       0x7c Core/Src/stm32f1xx_hal_msp.o
 .comment       0x000000000000007b       0x7c Core/Src/stm32f1xx_hal_timebase_tim.o
 .comment       0x000000000000007b       0x7c Core/Src/stm32f1xx_it.o
 .comment       0x000000000000007b       0x7c Core/Src/system_stm32f1xx.o
 .comment       0x000000000000007b       0x7c Drivers/STM32F1xx_HAL_Driver/Src/stm32f1xx_hal.o
 .comment       0x000000000000007b       0x7c Drivers/STM32F1xx_HAL_Driver/Src/stm32f1xx_hal_cortex.o
 .comment       0x000000000000007b       0x7c Drivers/STM32F1xx_HAL_Driver/Src/stm32f1xx_hal_rcc.o
 .comment       0x000000000000007b       0x7c Drivers/STM32F1xx_HAL_Driver/Src/stm32f1xx_hal_tim.o
 .comment       0x000000000000007b       0x7c Drivers/STM32F1xx_HAL_Driver/Src/stm32f1xx_hal_tim_ex.o
 .comment       0x000000000000007b       0x7c Middlewares/Third_Party/FreeRTOS/Source/CMSIS_RTOS_V2/cmsis_os2.o
 .comment       0x000000000000007b       0x7c Middlewares/Third_Party/FreeRTOS/Source/list.o
 .comment       0x000000000000007b       0x7c Middlewares/Third_Party/FreeRTOS/Source/queue.o
 .comment       0x000000000000007b       0x7c Middlewares/Third_Party/FreeRTOS/Source/tasks.o
 .comment       0x000000000000007b       0x7c Middlewares/Third_Party/FreeRTOS/Source/timers.o
 .comment       0x000000000000007b       0x7c Middlewares/Third_Party/FreeRTOS/Source/portable/GCC/ARM_CM3/port.o
 .comment       0x000000000000007b       0x7c Middlewares/Third_Party/FreeRTOS/Source/portable/MemMang/heap_4.o

.debug_frame    0x0000000000000000     0x4770
 .debug_frame   0x0000000000000000       0x38 Core/Src/DigitalIn.o
 .debug_frame   0x0000000000000038       0x60 Core/Src/DigitalOut.o
 .debug_frame   0x0000000000000098       0x38 Core/Src/Encoder.o
 .debug_frame   0x00000000000000d0       0x80 Core/Src/Motor.o
 .debug_frame   0x0000000000000150       0xf4 Core/Src/freertos.o
 .debug_frame   0x0000000000000244      0x190 Core/Src/main.o
 .debug_frame   0x00000000000003d4       0x34 Core/Src/stm32f1xx_hal_msp.o
 .debug_frame   0x0000000000000408       0x74 Core/Src/stm32f1xx_hal_timebase_tim.o
 .debug_frame   0x000000000000047c       0xcc Core/Src/stm32f1xx_it.o
 .debug_frame   0x0000000000000548       0x58 Core/Src/system_stm32f1xx.o
 .debug_frame   0x00000000000005a0      0x334 Drivers/STM32F1xx_HAL_Driver/Src/stm32f1xx_hal.o
 .debug_frame   0x00000000000008d4      0x428 Drivers/STM32F1xx_HAL_Driver/Src/stm32f1xx_hal_cortex.o
 .debug_frame   0x0000000000000cfc      0x21c Drivers/STM32F1xx_HAL_Driver/Src/stm32f1xx_hal_rcc.o
 .debug_frame   0x0000000000000f18     0x11b8 Drivers/STM32F1xx_HAL_Driver/Src/stm32f1xx_hal_tim.o
 .debug_frame   0x00000000000020d0      0x638 Drivers/STM32F1xx_HAL_Driver/Src/stm32f1xx_hal_tim_ex.o
 .debug_frame   0x0000000000002708      0x9c8 Middlewares/Third_Party/FreeRTOS/Source/CMSIS_RTOS_V2/cmsis_os2.o
 .debug_frame   0x00000000000030d0       0xd8 Middlewares/Third_Party/FreeRTOS/Source/list.o
 .debug_frame   0x00000000000031a8      0x5ec Middlewares/Third_Party/FreeRTOS/Source/queue.o
 .debug_frame   0x0000000000003794      0x914 Middlewares/Third_Party/FreeRTOS/Source/tasks.o
 .debug_frame   0x00000000000040a8      0x3b4 Middlewares/Third_Party/FreeRTOS/Source/timers.o
 .debug_frame   0x000000000000445c      0x198 Middlewares/Third_Party/FreeRTOS/Source/portable/GCC/ARM_CM3/port.o
 .debug_frame   0x00000000000045f4      0x108 Middlewares/Third_Party/FreeRTOS/Source/portable/MemMang/heap_4.o
 .debug_frame   0x00000000000046fc       0x2c c:/st/stm32cubeide_1.4.2/stm32cubeide/plugins/com.st.stm32cube.ide.mcu.externaltools.gnu-tools-for-stm32.7-2018-q2-update.win32_1.5.0.202011040924/tools/bin/../lib/gcc/arm-none-eabi/7.3.1/../../../../arm-none-eabi/lib/thumb/v7-m\libc_nano.a(lib_a-init.o)
 .debug_frame   0x0000000000004728       0x28 c:/st/stm32cubeide_1.4.2/stm32cubeide/plugins/com.st.stm32cube.ide.mcu.externaltools.gnu-tools-for-stm32.7-2018-q2-update.win32_1.5.0.202011040924/tools/bin/../lib/gcc/arm-none-eabi/7.3.1/../../../../arm-none-eabi/lib/thumb/v7-m\libc_nano.a(lib_a-memcpy-stub.o)
 .debug_frame   0x0000000000004750       0x20 c:/st/stm32cubeide_1.4.2/stm32cubeide/plugins/com.st.stm32cube.ide.mcu.externaltools.gnu-tools-for-stm32.7-2018-q2-update.win32_1.5.0.202011040924/tools/bin/../lib/gcc/arm-none-eabi/7.3.1/../../../../arm-none-eabi/lib/thumb/v7-m\libc_nano.a(lib_a-memset.o)
