DigitalOut.h:13:2:DigitalOut::DigitalOut(int)	16	static
Motor.h:15:2:Motor::Motor(int, int, int)	24	static
DigitalIn.h:13:2:DigitalIn::DigitalIn(int)	16	static
Encoder.h:18:2:Encoder::Encoder(int, int)	24	static
main.cpp:73:5:int main()	16	static
main.cpp:133:6:void SystemClock_Config()	72	static
main.cpp:165:6:void MX_FREERTOS_Init()	4	static
main.cpp:178:6:void HAL_TIM_PeriodElapsedCallback(TIM_HandleTypeDef*)	16	static
main.cpp:195:6:void Error_Handler()	4	static
main.cpp:201:1:void __static_initialization_and_destruction_0(int, int)	16	static
main.cpp:201:1:cpp)	8	static
